Archive member included to satisfy reference by file (symbol)

c:/st/stm32cubeide_1.0.2/stm32cubeide/plugins/com.st.stm32cube.ide.mcu.externaltools.gnu-tools-for-stm32.7-2018-q2-update.win32_1.0.0.201904181610/tools/bin/../lib/gcc/arm-none-eabi/7.3.1/../../../../arm-none-eabi/lib/thumb/v6-m\libc_nano.a(lib_a-errno.o)
                              Core/Src/syscalls.o (__errno)
c:/st/stm32cubeide_1.0.2/stm32cubeide/plugins/com.st.stm32cube.ide.mcu.externaltools.gnu-tools-for-stm32.7-2018-q2-update.win32_1.0.0.201904181610/tools/bin/../lib/gcc/arm-none-eabi/7.3.1/../../../../arm-none-eabi/lib/thumb/v6-m\libc_nano.a(lib_a-exit.o)
                              c:/st/stm32cubeide_1.0.2/stm32cubeide/plugins/com.st.stm32cube.ide.mcu.externaltools.gnu-tools-for-stm32.7-2018-q2-update.win32_1.0.0.201904181610/tools/bin/../lib/gcc/arm-none-eabi/7.3.1/../../../../arm-none-eabi/lib/thumb/v6-m/crt0.o (exit)
c:/st/stm32cubeide_1.0.2/stm32cubeide/plugins/com.st.stm32cube.ide.mcu.externaltools.gnu-tools-for-stm32.7-2018-q2-update.win32_1.0.0.201904181610/tools/bin/../lib/gcc/arm-none-eabi/7.3.1/../../../../arm-none-eabi/lib/thumb/v6-m\libc_nano.a(lib_a-impure.o)
                              c:/st/stm32cubeide_1.0.2/stm32cubeide/plugins/com.st.stm32cube.ide.mcu.externaltools.gnu-tools-for-stm32.7-2018-q2-update.win32_1.0.0.201904181610/tools/bin/../lib/gcc/arm-none-eabi/7.3.1/../../../../arm-none-eabi/lib/thumb/v6-m\libc_nano.a(lib_a-exit.o) (_global_impure_ptr)
c:/st/stm32cubeide_1.0.2/stm32cubeide/plugins/com.st.stm32cube.ide.mcu.externaltools.gnu-tools-for-stm32.7-2018-q2-update.win32_1.0.0.201904181610/tools/bin/../lib/gcc/arm-none-eabi/7.3.1/../../../../arm-none-eabi/lib/thumb/v6-m\libc_nano.a(lib_a-init.o)
                              c:/st/stm32cubeide_1.0.2/stm32cubeide/plugins/com.st.stm32cube.ide.mcu.externaltools.gnu-tools-for-stm32.7-2018-q2-update.win32_1.0.0.201904181610/tools/bin/../lib/gcc/arm-none-eabi/7.3.1/../../../../arm-none-eabi/lib/thumb/v6-m/crt0.o (__libc_init_array)
c:/st/stm32cubeide_1.0.2/stm32cubeide/plugins/com.st.stm32cube.ide.mcu.externaltools.gnu-tools-for-stm32.7-2018-q2-update.win32_1.0.0.201904181610/tools/bin/../lib/gcc/arm-none-eabi/7.3.1/../../../../arm-none-eabi/lib/thumb/v6-m\libc_nano.a(lib_a-memset.o)
                              c:/st/stm32cubeide_1.0.2/stm32cubeide/plugins/com.st.stm32cube.ide.mcu.externaltools.gnu-tools-for-stm32.7-2018-q2-update.win32_1.0.0.201904181610/tools/bin/../lib/gcc/arm-none-eabi/7.3.1/../../../../arm-none-eabi/lib/thumb/v6-m/crt0.o (memset)
c:/st/stm32cubeide_1.0.2/stm32cubeide/plugins/com.st.stm32cube.ide.mcu.externaltools.gnu-tools-for-stm32.7-2018-q2-update.win32_1.0.0.201904181610/tools/bin/../lib/gcc/arm-none-eabi/7.3.1/thumb/v6-m\libgcc.a(_udivsi3.o)
                              Core/Src/nixie.o (__aeabi_uidiv)
c:/st/stm32cubeide_1.0.2/stm32cubeide/plugins/com.st.stm32cube.ide.mcu.externaltools.gnu-tools-for-stm32.7-2018-q2-update.win32_1.0.0.201904181610/tools/bin/../lib/gcc/arm-none-eabi/7.3.1/thumb/v6-m\libgcc.a(_dvmd_tls.o)
                              c:/st/stm32cubeide_1.0.2/stm32cubeide/plugins/com.st.stm32cube.ide.mcu.externaltools.gnu-tools-for-stm32.7-2018-q2-update.win32_1.0.0.201904181610/tools/bin/../lib/gcc/arm-none-eabi/7.3.1/thumb/v6-m\libgcc.a(_udivsi3.o) (__aeabi_idiv0)

Allocating common symbols
Common symbol       size              file

hdac1               0x14              Core/Src/dac.o
htim15              0x40              Core/Src/tim.o
uwTick              0x4               Drivers/STM32G0xx_HAL_Driver/Src/stm32g0xx_hal.o
hrtc                0x2c              Core/Src/rtc.o
hcomp2              0x30              Core/Src/comp.o
htim2               0x40              Core/Src/tim.o
htim14              0x40              Core/Src/tim.o
htim16              0x40              Core/Src/tim.o

Discarded input sections

 .text          0x0000000000000000        0x0 c:/st/stm32cubeide_1.0.2/stm32cubeide/plugins/com.st.stm32cube.ide.mcu.externaltools.gnu-tools-for-stm32.7-2018-q2-update.win32_1.0.0.201904181610/tools/bin/../lib/gcc/arm-none-eabi/7.3.1/thumb/v6-m/crti.o
 .data          0x0000000000000000        0x0 c:/st/stm32cubeide_1.0.2/stm32cubeide/plugins/com.st.stm32cube.ide.mcu.externaltools.gnu-tools-for-stm32.7-2018-q2-update.win32_1.0.0.201904181610/tools/bin/../lib/gcc/arm-none-eabi/7.3.1/thumb/v6-m/crti.o
 .bss           0x0000000000000000        0x0 c:/st/stm32cubeide_1.0.2/stm32cubeide/plugins/com.st.stm32cube.ide.mcu.externaltools.gnu-tools-for-stm32.7-2018-q2-update.win32_1.0.0.201904181610/tools/bin/../lib/gcc/arm-none-eabi/7.3.1/thumb/v6-m/crti.o
 .data          0x0000000000000000        0x4 c:/st/stm32cubeide_1.0.2/stm32cubeide/plugins/com.st.stm32cube.ide.mcu.externaltools.gnu-tools-for-stm32.7-2018-q2-update.win32_1.0.0.201904181610/tools/bin/../lib/gcc/arm-none-eabi/7.3.1/thumb/v6-m/crtbegin.o
[...]
Memory Configuration

Name             Origin             Length             Attributes
RAM              0x0000000020000000 0x0000000000009000 xrw
FLASH            0x0000000008000000 0x0000000000020000 xr
*default*        0x0000000000000000 0xffffffffffffffff

Linker script and memory map

LOAD c:/st/stm32cubeide_1.0.2/stm32cubeide/plugins/com.st.stm32cube.ide.mcu.externaltools.gnu-tools-for-stm32.7-2018-q2-update.win32_1.0.0.201904181610/tools/bin/../lib/gcc/arm-none-eabi/7.3.1/thumb/v6-m/crti.o
LOAD c:/st/stm32cubeide_1.0.2/stm32cubeide/plugins/com.st.stm32cube.ide.mcu.externaltools.gnu-tools-for-stm32.7-2018-q2-update.win32_1.0.0.201904181610/tools/bin/../lib/gcc/arm-none-eabi/7.3.1/thumb/v6-m/crtbegin.o
LOAD c:/st/stm32cubeide_1.0.2/stm32cubeide/plugins/com.st.stm32cube.ide.mcu.externaltools.gnu-tools-for-stm32.7-2018-q2-update.win32_1.0.0.201904181610/tools/bin/../lib/gcc/arm-none-eabi/7.3.1/../../../../arm-none-eabi/lib/thumb/v6-m/crt0.o
LOAD Core/Src/comp.o
LOAD Core/Src/dac.o
LOAD Core/Src/gpio.o
LOAD Core/Src/main.o
LOAD Core/Src/nixie.o
LOAD Core/Src/rtc.o
LOAD Core/Src/stm32g0xx_hal_msp.o
LOAD Core/Src/stm32g0xx_it.o
LOAD Core/Src/sys.o
LOAD Core/Src/syscalls.o
LOAD Core/Src/sysmem.o
LOAD Core/Src/system_stm32g0xx.o
LOAD Core/Src/tim.o
LOAD Core/Startup/startup_stm32g071cbux.o
LOAD Drivers/STM32G0xx_HAL_Driver/Src/stm32g0xx_hal.o
LOAD Drivers/STM32G0xx_HAL_Driver/Src/stm32g0xx_hal_comp.o
LOAD Drivers/STM32G0xx_HAL_Driver/Src/stm32g0xx_hal_cortex.o
LOAD Drivers/STM32G0xx_HAL_Driver/Src/stm32g0xx_hal_dac.o
LOAD Drivers/STM32G0xx_HAL_Driver/Src/stm32g0xx_hal_dac_ex.o
LOAD Drivers/STM32G0xx_HAL_Driver/Src/stm32g0xx_hal_dma.o
LOAD Drivers/STM32G0xx_HAL_Driver/Src/stm32g0xx_hal_dma_ex.o
LOAD Drivers/STM32G0xx_HAL_Driver/Src/stm32g0xx_hal_exti.o
LOAD Drivers/STM32G0xx_HAL_Driver/Src/stm32g0xx_hal_flash.o
LOAD Drivers/STM32G0xx_HAL_Driver/Src/stm32g0xx_hal_flash_ex.o
LOAD Drivers/STM32G0xx_HAL_Driver/Src/stm32g0xx_hal_gpio.o
LOAD Drivers/STM32G0xx_HAL_Driver/Src/stm32g0xx_hal_pwr.o
LOAD Drivers/STM32G0xx_HAL_Driver/Src/stm32g0xx_hal_pwr_ex.o
LOAD Drivers/STM32G0xx_HAL_Driver/Src/stm32g0xx_hal_rcc.o
LOAD Drivers/STM32G0xx_HAL_Driver/Src/stm32g0xx_hal_rcc_ex.o
LOAD Drivers/STM32G0xx_HAL_Driver/Src/stm32g0xx_hal_rtc.o
LOAD Drivers/STM32G0xx_HAL_Driver/Src/stm32g0xx_hal_rtc_ex.o
LOAD Drivers/STM32G0xx_HAL_Driver/Src/stm32g0xx_hal_tim.o
LOAD Drivers/STM32G0xx_HAL_Driver/Src/stm32g0xx_hal_tim_ex.o
LOAD Drivers/STM32G0xx_HAL_Driver/Src/stm32g0xx_ll_exti.o
LOAD Drivers/STM32G0xx_HAL_Driver/Src/stm32g0xx_ll_gpio.o
LOAD Drivers/STM32G0xx_HAL_Driver/Src/stm32g0xx_ll_rcc.o
LOAD Drivers/STM32G0xx_HAL_Driver/Src/stm32g0xx_ll_utils.o
START GROUP
LOAD c:/st/stm32cubeide_1.0.2/stm32cubeide/plugins/com.st.stm32cube.ide.mcu.externaltools.gnu-tools-for-stm32.7-2018-q2-update.win32_1.0.0.201904181610/tools/bin/../lib/gcc/arm-none-eabi/7.3.1/../../../../arm-none-eabi/lib/thumb/v6-m\libc_nano.a
LOAD c:/st/stm32cubeide_1.0.2/stm32cubeide/plugins/com.st.stm32cube.ide.mcu.externaltools.gnu-tools-for-stm32.7-2018-q2-update.win32_1.0.0.201904181610/tools/bin/../lib/gcc/arm-none-eabi/7.3.1/../../../../arm-none-eabi/lib/thumb/v6-m\libm.a
END GROUP
START GROUP
LOAD c:/st/stm32cubeide_1.0.2/stm32cubeide/plugins/com.st.stm32cube.ide.mcu.externaltools.gnu-tools-for-stm32.7-2018-q2-update.win32_1.0.0.201904181610/tools/bin/../lib/gcc/arm-none-eabi/7.3.1/thumb/v6-m\libgcc.a
LOAD c:/st/stm32cubeide_1.0.2/stm32cubeide/plugins/com.st.stm32cube.ide.mcu.externaltools.gnu-tools-for-stm32.7-2018-q2-update.win32_1.0.0.201904181610/tools/bin/../lib/gcc/arm-none-eabi/7.3.1/../../../../arm-none-eabi/lib/thumb/v6-m\libc_nano.a
END GROUP
START GROUP
LOAD c:/st/stm32cubeide_1.0.2/stm32cubeide/plugins/com.st.stm32cube.ide.mcu.externaltools.gnu-tools-for-stm32.7-2018-q2-update.win32_1.0.0.201904181610/tools/bin/../lib/gcc/arm-none-eabi/7.3.1/thumb/v6-m\libgcc.a
LOAD c:/st/stm32cubeide_1.0.2/stm32cubeide/plugins/com.st.stm32cube.ide.mcu.externaltools.gnu-tools-for-stm32.7-2018-q2-update.win32_1.0.0.201904181610/tools/bin/../lib/gcc/arm-none-eabi/7.3.1/../../../../arm-none-eabi/lib/thumb/v6-m\libc_nano.a
LOAD c:/st/stm32cubeide_1.0.2/stm32cubeide/plugins/com.st.stm32cube.ide.mcu.externaltools.gnu-tools-for-stm32.7-2018-q2-update.win32_1.0.0.201904181610/tools/bin/../lib/gcc/arm-none-eabi/7.3.1/../../../../arm-none-eabi/lib/thumb/v6-m\libnosys.a
END GROUP
START GROUP
LOAD c:/st/stm32cubeide_1.0.2/stm32cubeide/plugins/com.st.stm32cube.ide.mcu.externaltools.gnu-tools-for-stm32.7-2018-q2-update.win32_1.0.0.201904181610/tools/bin/../lib/gcc/arm-none-eabi/7.3.1/thumb/v6-m\libgcc.a
LOAD c:/st/stm32cubeide_1.0.2/stm32cubeide/plugins/com.st.stm32cube.ide.mcu.externaltools.gnu-tools-for-stm32.7-2018-q2-update.win32_1.0.0.201904181610/tools/bin/../lib/gcc/arm-none-eabi/7.3.1/../../../../arm-none-eabi/lib/thumb/v6-m\libc_nano.a
LOAD c:/st/stm32cubeide_1.0.2/stm32cubeide/plugins/com.st.stm32cube.ide.mcu.externaltools.gnu-tools-for-stm32.7-2018-q2-update.win32_1.0.0.201904181610/tools/bin/../lib/gcc/arm-none-eabi/7.3.1/../../../../arm-none-eabi/lib/thumb/v6-m\libnosys.a
END GROUP
LOAD c:/st/stm32cubeide_1.0.2/stm32cubeide/plugins/com.st.stm32cube.ide.mcu.externaltools.gnu-tools-for-stm32.7-2018-q2-update.win32_1.0.0.201904181610/tools/bin/../lib/gcc/arm-none-eabi/7.3.1/thumb/v6-m/crtend.o
LOAD c:/st/stm32cubeide_1.0.2/stm32cubeide/plugins/com.st.stm32cube.ide.mcu.externaltools.gnu-tools-for-stm32.7-2018-q2-update.win32_1.0.0.201904181610/tools/bin/../lib/gcc/arm-none-eabi/7.3.1/thumb/v6-m/crtn.o
                0x0000000020009000                _estack = (ORIGIN (RAM) + LENGTH (RAM))
                0x0000000000000200                _Min_Heap_Size = 0x200
                0x0000000000000400                _Min_Stack_Size = 0x400

.isr_vector     0x0000000008000000       0xbc
                0x0000000008000000                . = ALIGN (0x4)
 *(.isr_vector)
 .isr_vector    0x0000000008000000       0xbc Core/Startup/startup_stm32g071cbux.o
                0x0000000008000000                g_pfnVectors
                0x00000000080000bc                . = ALIGN (0x4)

.text           0x00000000080000bc     0x49e8
                0x00000000080000bc                . = ALIGN (0x4)
 *(.text)
 .text          0x00000000080000bc       0x48 c:/st/stm32cubeide_1.0.2/stm32cubeide/plugins/com.st.stm32cube.ide.mcu.externaltools.gnu-tools-for-stm32.7-2018-q2-update.win32_1.0.0.201904181610/tools/bin/../lib/gcc/arm-none-eabi/7.3.1/thumb/v6-m/crtbegin.o
 .text          0x0000000008000104      0x114 c:/st/stm32cubeide_1.0.2/stm32cubeide/plugins/com.st.stm32cube.ide.mcu.externaltools.gnu-tools-for-stm32.7-2018-q2-update.win32_1.0.0.201904181610/tools/bin/../lib/gcc/arm-none-eabi/7.3.1/thumb/v6-m\libgcc.a(_udivsi3.o)
                0x0000000008000104                __aeabi_uidiv
                0x0000000008000104                __udivsi3
                0x0000000008000210                __aeabi_uidivmod
 .text          0x0000000008000218        0x4 c:/st/stm32cubeide_1.0.2/stm32cubeide/plugins/com.st.stm32cube.ide.mcu.externaltools.gnu-tools-for-stm32.7-2018-q2-update.win32_1.0.0.201904181610/tools/bin/../lib/gcc/arm-none-eabi/7.3.1/thumb/v6-m\libgcc.a(_dvmd_tls.o)
                0x0000000008000218                __aeabi_idiv0
                0x0000000008000218                __aeabi_ldiv0
 *(.text*)
 .text.MX_COMP2_Init
                0x000000000800021c       0x60 Core/Src/comp.o
                0x000000000800021c                MX_COMP2_Init
 .text.HAL_COMP_MspInit
                0x000000000800027c       0x6c Core/Src/comp.o
                0x000000000800027c                HAL_COMP_MspInit
 .text.MX_DAC1_Init
                0x00000000080002e8       0x6c Core/Src/dac.o
                0x00000000080002e8                MX_DAC1_Init
 .text.HAL_DAC_MspInit
                0x0000000008000354       0x40 Core/Src/dac.o
                0x0000000008000354                HAL_DAC_MspInit
 .text.LL_GPIO_ResetOutputPin
                0x0000000008000394       0x18 Core/Src/gpio.o
 .text.LL_IOP_GRP1_EnableClock
                0x00000000080003ac       0x2c Core/Src/gpio.o
 .text.MX_GPIO_Init
                0x00000000080003d8      0x3d4 Core/Src/gpio.o
                0x00000000080003d8                MX_GPIO_Init
 .text.main     0x00000000080007ac       0x36 Core/Src/main.o
                0x00000000080007ac                main
 *fill*         0x00000000080007e2        0x2 
 .text.SystemClock_Config
                0x00000000080007e4      0x10c Core/Src/main.o
                0x00000000080007e4                SystemClock_Config
 .text.Error_Handler
                0x00000000080008f0        0xa Core/Src/main.o
                0x00000000080008f0                Error_Handler
 .text.LL_GPIO_SetPinPull
                0x00000000080008fa       0x3a Core/Src/nixie.o
 .text.HAL_TIM_PeriodElapsedCallback
                0x0000000008000934       0xf0 Core/Src/nixie.o
                0x0000000008000934                HAL_TIM_PeriodElapsedCallback
 .text.nixie_init
                0x0000000008000a24       0x6c Core/Src/nixie.o
                0x0000000008000a24                nixie_init
 .text.boost_op
                0x0000000008000a90       0x44 Core/Src/nixie.o
                0x0000000008000a90                boost_op
 .text.nixie_display
                0x0000000008000ad4      0x124 Core/Src/nixie.o
 .text.nixie_display_reset_all
                0x0000000008000bf8       0x3c Core/Src/nixie.o
 .text.nixie_display_set_anode
                0x0000000008000c34       0xc8 Core/Src/nixie.o
 .text.MX_RTC_Init
                0x0000000008000cfc       0xd8 Core/Src/rtc.o
                0x0000000008000cfc                MX_RTC_Init
 .text.HAL_RTC_MspInit
                0x0000000008000dd4       0x4c Core/Src/rtc.o
                0x0000000008000dd4                HAL_RTC_MspInit
 .text.LL_SYSCFG_DisableDBATT
                0x0000000008000e20       0x20 Core/Src/stm32g0xx_hal_msp.o
 .text.HAL_MspInit
                0x0000000008000e40       0x5c Core/Src/stm32g0xx_hal_msp.o
                0x0000000008000e40                HAL_MspInit
 .text.NMI_Handler
                0x0000000008000e9c        0xa Core/Src/stm32g0xx_it.o
                0x0000000008000e9c                NMI_Handler
 .text.HardFault_Handler
                0x0000000008000ea6        0x6 Core/Src/stm32g0xx_it.o
                0x0000000008000ea6                HardFault_Handler
 .text.SVC_Handler
                0x0000000008000eac        0xa Core/Src/stm32g0xx_it.o
                0x0000000008000eac                SVC_Handler
 .text.PendSV_Handler
                0x0000000008000eb6        0xa Core/Src/stm32g0xx_it.o
                0x0000000008000eb6                PendSV_Handler
 .text.SysTick_Handler
                0x0000000008000ec0        0xe Core/Src/stm32g0xx_it.o
                0x0000000008000ec0                SysTick_Handler
 *fill*         0x0000000008000ece        0x2 
 .text.TIM2_IRQHandler
                0x0000000008000ed0       0x18 Core/Src/stm32g0xx_it.o
                0x0000000008000ed0                TIM2_IRQHandler
 .text.TIM14_IRQHandler
                0x0000000008000ee8       0x18 Core/Src/stm32g0xx_it.o
                0x0000000008000ee8                TIM14_IRQHandler
 .text.TIM16_IRQHandler
                0x0000000008000f00       0x18 Core/Src/stm32g0xx_it.o
                0x0000000008000f00                TIM16_IRQHandler
 .text.SystemInit
                0x0000000008000f18       0x18 Core/Src/system_stm32g0xx.o
                0x0000000008000f18                SystemInit
 .text.MX_TIM2_Init
                0x0000000008000f30      0x10c Core/Src/tim.o
                0x0000000008000f30                MX_TIM2_Init
 .text.MX_TIM14_Init
                0x000000000800103c       0x4c Core/Src/tim.o
                0x000000000800103c                MX_TIM14_Init
 .text.MX_TIM15_Init
                0x0000000008001088      0x16c Core/Src/tim.o
                0x0000000008001088                MX_TIM15_Init
 .text.MX_TIM16_Init
                0x00000000080011f4       0x54 Core/Src/tim.o
                0x00000000080011f4                MX_TIM16_Init
 .text.HAL_TIM_Base_MspInit
                0x0000000008001248       0xec Core/Src/tim.o
                0x0000000008001248                HAL_TIM_Base_MspInit
 .text.HAL_TIM_MspPostInit
                0x0000000008001334       0xd0 Core/Src/tim.o
                0x0000000008001334                HAL_TIM_MspPostInit
 .text.Reset_Handler
                0x0000000008001404       0x50 Core/Startup/startup_stm32g071cbux.o
                0x0000000008001404                Reset_Handler
 .text.Default_Handler
                0x0000000008001454        0x2 Core/Startup/startup_stm32g071cbux.o
                0x0000000008001454                USART3_4_LPUART1_IRQHandler
                0x0000000008001454                TIM1_CC_IRQHandler
                0x0000000008001454                ADC1_COMP_IRQHandler
                0x0000000008001454                PVD_IRQHandler
                0x0000000008001454                I2C1_IRQHandler
                0x0000000008001454                TIM7_LPTIM2_IRQHandler
                0x0000000008001454                RTC_TAMP_IRQHandler
                0x0000000008001454                SPI1_IRQHandler
                0x0000000008001454                EXTI2_3_IRQHandler
                0x0000000008001454                I2C2_IRQHandler
                0x0000000008001454                TIM17_IRQHandler
                0x0000000008001454                TIM3_IRQHandler
                0x0000000008001454                EXTI4_15_IRQHandler
                0x0000000008001454                RCC_IRQHandler
                0x0000000008001454                DMA1_Channel1_IRQHandler
                0x0000000008001454                Default_Handler
                0x0000000008001454                CEC_IRQHandler
                0x0000000008001454                TIM15_IRQHandler
                0x0000000008001454                EXTI0_1_IRQHandler
                0x0000000008001454                SPI2_IRQHandler
                0x0000000008001454                TIM6_DAC_LPTIM1_IRQHandler
                0x0000000008001454                WWDG_IRQHandler
                0x0000000008001454                DMA1_Ch4_7_DMAMUX1_OVR_IRQHandler
                0x0000000008001454                DMA1_Channel2_3_IRQHandler
                0x0000000008001454                UCPD1_2_IRQHandler
                0x0000000008001454                USART2_IRQHandler
                0x0000000008001454                FLASH_IRQHandler
                0x0000000008001454                USART1_IRQHandler
                0x0000000008001454                TIM1_BRK_UP_TRG_COM_IRQHandler
 *fill*         0x0000000008001456        0x2 
 .text.HAL_Init
                0x0000000008001458       0x40 Drivers/STM32G0xx_HAL_Driver/Src/stm32g0xx_hal.o
                0x0000000008001458                HAL_Init
 .text.HAL_InitTick
                0x0000000008001498       0x94 Drivers/STM32G0xx_HAL_Driver/Src/stm32g0xx_hal.o
                0x0000000008001498                HAL_InitTick
 .text.HAL_IncTick
                0x000000000800152c       0x20 Drivers/STM32G0xx_HAL_Driver/Src/stm32g0xx_hal.o
                0x000000000800152c                HAL_IncTick
 .text.HAL_GetTick
                0x000000000800154c       0x14 Drivers/STM32G0xx_HAL_Driver/Src/stm32g0xx_hal.o
                0x000000000800154c                HAL_GetTick
 .text.HAL_Delay
                0x0000000008001560       0x44 Drivers/STM32G0xx_HAL_Driver/Src/stm32g0xx_hal.o
                0x0000000008001560                HAL_Delay
 .text.HAL_SYSCFG_VREFBUF_HighImpedanceConfig
                0x00000000080015a4       0x28 Drivers/STM32G0xx_HAL_Driver/Src/stm32g0xx_hal.o
                0x00000000080015a4                HAL_SYSCFG_VREFBUF_HighImpedanceConfig
 .text.HAL_SYSCFG_DisableVREFBUF
                0x00000000080015cc       0x1c Drivers/STM32G0xx_HAL_Driver/Src/stm32g0xx_hal.o
                0x00000000080015cc                HAL_SYSCFG_DisableVREFBUF
 .text.LL_EXTI_EnableIT_0_31
                0x00000000080015e8       0x24 Drivers/STM32G0xx_HAL_Driver/Src/stm32g0xx_hal_comp.o
 .text.LL_EXTI_DisableIT_0_31
                0x000000000800160c       0x28 Drivers/STM32G0xx_HAL_Driver/Src/stm32g0xx_hal_comp.o
 .text.LL_EXTI_EnableEvent_0_31
                0x0000000008001634       0x24 Drivers/STM32G0xx_HAL_Driver/Src/stm32g0xx_hal_comp.o
 .text.LL_EXTI_DisableEvent_0_31
                0x0000000008001658       0x28 Drivers/STM32G0xx_HAL_Driver/Src/stm32g0xx_hal_comp.o
 .text.LL_EXTI_EnableRisingTrig_0_31
                0x0000000008001680       0x20 Drivers/STM32G0xx_HAL_Driver/Src/stm32g0xx_hal_comp.o
 .text.LL_EXTI_DisableRisingTrig_0_31
                0x00000000080016a0       0x24 Drivers/STM32G0xx_HAL_Driver/Src/stm32g0xx_hal_comp.o
 .text.LL_EXTI_EnableFallingTrig_0_31
                0x00000000080016c4       0x20 Drivers/STM32G0xx_HAL_Driver/Src/stm32g0xx_hal_comp.o
 .text.LL_EXTI_DisableFallingTrig_0_31
                0x00000000080016e4       0x24 Drivers/STM32G0xx_HAL_Driver/Src/stm32g0xx_hal_comp.o
 .text.LL_EXTI_ClearFallingFlag_0_31
                0x0000000008001708       0x1c Drivers/STM32G0xx_HAL_Driver/Src/stm32g0xx_hal_comp.o
 .text.LL_EXTI_ClearRisingFlag_0_31
                0x0000000008001724       0x1c Drivers/STM32G0xx_HAL_Driver/Src/stm32g0xx_hal_comp.o
 .text.HAL_COMP_Init
                0x0000000008001740      0x2c0 Drivers/STM32G0xx_HAL_Driver/Src/stm32g0xx_hal_comp.o
                0x0000000008001740                HAL_COMP_Init
 .text.HAL_COMP_Start
                0x0000000008001a00       0xa4 Drivers/STM32G0xx_HAL_Driver/Src/stm32g0xx_hal_comp.o
                0x0000000008001a00                HAL_COMP_Start
 .text.HAL_COMP_GetOutputLevel
                0x0000000008001aa4       0x1c Drivers/STM32G0xx_HAL_Driver/Src/stm32g0xx_hal_comp.o
                0x0000000008001aa4                HAL_COMP_GetOutputLevel
 .text.__NVIC_EnableIRQ
                0x0000000008001ac0       0x34 Drivers/STM32G0xx_HAL_Driver/Src/stm32g0xx_hal_cortex.o
 .text.__NVIC_SetPriority
                0x0000000008001af4       0xdc Drivers/STM32G0xx_HAL_Driver/Src/stm32g0xx_hal_cortex.o
 .text.SysTick_Config
                0x0000000008001bd0       0x48 Drivers/STM32G0xx_HAL_Driver/Src/stm32g0xx_hal_cortex.o
 .text.HAL_NVIC_SetPriority
                0x0000000008001c18       0x2a Drivers/STM32G0xx_HAL_Driver/Src/stm32g0xx_hal_cortex.o
                0x0000000008001c18                HAL_NVIC_SetPriority
 .text.HAL_NVIC_EnableIRQ
                0x0000000008001c42       0x20 Drivers/STM32G0xx_HAL_Driver/Src/stm32g0xx_hal_cortex.o
                0x0000000008001c42                HAL_NVIC_EnableIRQ
 .text.HAL_SYSTICK_Config
                0x0000000008001c62       0x1a Drivers/STM32G0xx_HAL_Driver/Src/stm32g0xx_hal_cortex.o
                0x0000000008001c62                HAL_SYSTICK_Config
 .text.HAL_DAC_Init
                0x0000000008001c7c       0x46 Drivers/STM32G0xx_HAL_Driver/Src/stm32g0xx_hal_dac.o
                0x0000000008001c7c                HAL_DAC_Init
 .text.HAL_DAC_Start
                0x0000000008001cc2       0x9e Drivers/STM32G0xx_HAL_Driver/Src/stm32g0xx_hal_dac.o
                0x0000000008001cc2                HAL_DAC_Start
 .text.HAL_DAC_SetValue
                0x0000000008001d60       0x44 Drivers/STM32G0xx_HAL_Driver/Src/stm32g0xx_hal_dac.o
                0x0000000008001d60                HAL_DAC_SetValue
 .text.HAL_DAC_ConfigChannel
                0x0000000008001da4      0x23c Drivers/STM32G0xx_HAL_Driver/Src/stm32g0xx_hal_dac.o
                0x0000000008001da4                HAL_DAC_ConfigChannel
 .text.HAL_GPIO_Init
                0x0000000008001fe0      0x2c8 Drivers/STM32G0xx_HAL_Driver/Src/stm32g0xx_hal_gpio.o
                0x0000000008001fe0                HAL_GPIO_Init
 .text.HAL_GPIO_WritePin
                0x00000000080022a8       0x3a Drivers/STM32G0xx_HAL_Driver/Src/stm32g0xx_hal_gpio.o
                0x00000000080022a8                HAL_GPIO_WritePin
 *fill*         0x00000000080022e2        0x2 
 .text.HAL_PWREx_ControlVoltageScaling
                0x00000000080022e4       0x80 Drivers/STM32G0xx_HAL_Driver/Src/stm32g0xx_hal_pwr_ex.o
                0x00000000080022e4                HAL_PWREx_ControlVoltageScaling
 .text.HAL_RCC_OscConfig
                0x0000000008002364      0x640 Drivers/STM32G0xx_HAL_Driver/Src/stm32g0xx_hal_rcc.o
                0x0000000008002364                HAL_RCC_OscConfig
 .text.HAL_RCC_ClockConfig
                0x00000000080029a4      0x210 Drivers/STM32G0xx_HAL_Driver/Src/stm32g0xx_hal_rcc.o
                0x00000000080029a4                HAL_RCC_ClockConfig
 .text.HAL_RCC_GetSysClockFreq
                0x0000000008002bb4      0x104 Drivers/STM32G0xx_HAL_Driver/Src/stm32g0xx_hal_rcc.o
                0x0000000008002bb4                HAL_RCC_GetSysClockFreq
 .text.HAL_RCCEx_PeriphCLKConfig
                0x0000000008002cb8      0x370 Drivers/STM32G0xx_HAL_Driver/Src/stm32g0xx_hal_rcc_ex.o
                0x0000000008002cb8                HAL_RCCEx_PeriphCLKConfig
 .text.HAL_RTC_Init
                0x0000000008003028      0x12c Drivers/STM32G0xx_HAL_Driver/Src/stm32g0xx_hal_rtc.o
                0x0000000008003028                HAL_RTC_Init
 .text.HAL_RTC_SetTime
                0x0000000008003154      0x150 Drivers/STM32G0xx_HAL_Driver/Src/stm32g0xx_hal_rtc.o
                0x0000000008003154                HAL_RTC_SetTime
 .text.HAL_RTC_SetDate
                0x00000000080032a4      0x124 Drivers/STM32G0xx_HAL_Driver/Src/stm32g0xx_hal_rtc.o
                0x00000000080032a4                HAL_RTC_SetDate
 .text.HAL_RTC_WaitForSynchro
                0x00000000080033c8       0x4e Drivers/STM32G0xx_HAL_Driver/Src/stm32g0xx_hal_rtc.o
                0x00000000080033c8                HAL_RTC_WaitForSynchro
 .text.RTC_EnterInitMode
                0x0000000008003416       0x86 Drivers/STM32G0xx_HAL_Driver/Src/stm32g0xx_hal_rtc.o
                0x0000000008003416                RTC_EnterInitMode
 .text.RTC_ExitInitMode
                0x000000000800349c       0x8c Drivers/STM32G0xx_HAL_Driver/Src/stm32g0xx_hal_rtc.o
                0x000000000800349c                RTC_ExitInitMode
 .text.RTC_ByteToBcd2
                0x0000000008003528       0x52 Drivers/STM32G0xx_HAL_Driver/Src/stm32g0xx_hal_rtc.o
                0x0000000008003528                RTC_ByteToBcd2
 .text.HAL_TIM_Base_Init
                0x000000000800357a       0x58 Drivers/STM32G0xx_HAL_Driver/Src/stm32g0xx_hal_tim.o
                0x000000000800357a                HAL_TIM_Base_Init
 *fill*         0x00000000080035d2        0x2 
 .text.HAL_TIM_Base_Start_IT
                0x00000000080035d4       0x54 Drivers/STM32G0xx_HAL_Driver/Src/stm32g0xx_hal_tim.o
                0x00000000080035d4                HAL_TIM_Base_Start_IT
 .text.HAL_TIM_PWM_Init
                0x0000000008003628       0x58 Drivers/STM32G0xx_HAL_Driver/Src/stm32g0xx_hal_tim.o
                0x0000000008003628                HAL_TIM_PWM_Init
 .text.HAL_TIM_PWM_MspInit
                0x0000000008003680       0x10 Drivers/STM32G0xx_HAL_Driver/Src/stm32g0xx_hal_tim.o
                0x0000000008003680                HAL_TIM_PWM_MspInit
 .text.HAL_TIM_OnePulse_Init
                0x0000000008003690       0x7a Drivers/STM32G0xx_HAL_Driver/Src/stm32g0xx_hal_tim.o
                0x0000000008003690                HAL_TIM_OnePulse_Init
 .text.HAL_TIM_OnePulse_MspInit
                0x000000000800370a       0x10 Drivers/STM32G0xx_HAL_Driver/Src/stm32g0xx_hal_tim.o
                0x000000000800370a                HAL_TIM_OnePulse_MspInit
 *fill*         0x000000000800371a        0x2 
 .text.HAL_TIM_OnePulse_Start
                0x000000000800371c       0x84 Drivers/STM32G0xx_HAL_Driver/Src/stm32g0xx_hal_tim.o
                0x000000000800371c                HAL_TIM_OnePulse_Start
 .text.HAL_TIM_IRQHandler
                0x00000000080037a0      0x264 Drivers/STM32G0xx_HAL_Driver/Src/stm32g0xx_hal_tim.o
                0x00000000080037a0                HAL_TIM_IRQHandler
 .text.HAL_TIM_PWM_ConfigChannel
                0x0000000008003a04      0x1fc Drivers/STM32G0xx_HAL_Driver/Src/stm32g0xx_hal_tim.o
                0x0000000008003a04                HAL_TIM_PWM_ConfigChannel
 .text.HAL_TIM_ConfigClockSource
                0x0000000008003c00      0x180 Drivers/STM32G0xx_HAL_Driver/Src/stm32g0xx_hal_tim.o
                0x0000000008003c00                HAL_TIM_ConfigClockSource
 .text.HAL_TIM_OC_DelayElapsedCallback
                0x0000000008003d80       0x10 Drivers/STM32G0xx_HAL_Driver/Src/stm32g0xx_hal_tim.o
                0x0000000008003d80                HAL_TIM_OC_DelayElapsedCallback
 .text.HAL_TIM_IC_CaptureCallback
                0x0000000008003d90       0x10 Drivers/STM32G0xx_HAL_Driver/Src/stm32g0xx_hal_tim.o
                0x0000000008003d90                HAL_TIM_IC_CaptureCallback
 .text.HAL_TIM_PWM_PulseFinishedCallback
                0x0000000008003da0       0x10 Drivers/STM32G0xx_HAL_Driver/Src/stm32g0xx_hal_tim.o
                0x0000000008003da0                HAL_TIM_PWM_PulseFinishedCallback
 .text.HAL_TIM_TriggerCallback
                0x0000000008003db0       0x10 Drivers/STM32G0xx_HAL_Driver/Src/stm32g0xx_hal_tim.o
                0x0000000008003db0                HAL_TIM_TriggerCallback
 .text.TIM_Base_SetConfig
                0x0000000008003dc0      0x100 Drivers/STM32G0xx_HAL_Driver/Src/stm32g0xx_hal_tim.o
                0x0000000008003dc0                TIM_Base_SetConfig
 .text.TIM_OC1_SetConfig
                0x0000000008003ec0      0x114 Drivers/STM32G0xx_HAL_Driver/Src/stm32g0xx_hal_tim.o
 .text.TIM_OC2_SetConfig
                0x0000000008003fd4      0x108 Drivers/STM32G0xx_HAL_Driver/Src/stm32g0xx_hal_tim.o
                0x0000000008003fd4                TIM_OC2_SetConfig
 .text.TIM_OC3_SetConfig
                0x00000000080040dc      0x110 Drivers/STM32G0xx_HAL_Driver/Src/stm32g0xx_hal_tim.o
 .text.TIM_OC4_SetConfig
                0x00000000080041ec       0xd4 Drivers/STM32G0xx_HAL_Driver/Src/stm32g0xx_hal_tim.o
 .text.TIM_OC5_SetConfig
                0x00000000080042c0       0xc0 Drivers/STM32G0xx_HAL_Driver/Src/stm32g0xx_hal_tim.o
 .text.TIM_OC6_SetConfig
                0x0000000008004380       0xc8 Drivers/STM32G0xx_HAL_Driver/Src/stm32g0xx_hal_tim.o
 .text.TIM_TI1_ConfigInputStage
                0x0000000008004448       0x5c Drivers/STM32G0xx_HAL_Driver/Src/stm32g0xx_hal_tim.o
 .text.TIM_TI2_ConfigInputStage
                0x00000000080044a4       0x64 Drivers/STM32G0xx_HAL_Driver/Src/stm32g0xx_hal_tim.o
 .text.TIM_ITRx_SetConfig
                0x0000000008004508       0x38 Drivers/STM32G0xx_HAL_Driver/Src/stm32g0xx_hal_tim.o
 .text.TIM_ETR_SetConfig
                0x0000000008004540       0x40 Drivers/STM32G0xx_HAL_Driver/Src/stm32g0xx_hal_tim.o
                0x0000000008004540                TIM_ETR_SetConfig
 .text.TIM_CCxChannelCmd
                0x0000000008004580       0x46 Drivers/STM32G0xx_HAL_Driver/Src/stm32g0xx_hal_tim.o
                0x0000000008004580                TIM_CCxChannelCmd
 *fill*         0x00000000080045c6        0x2 
 .text.HAL_TIMEx_MasterConfigSynchronization
                0x00000000080045c8       0xac Drivers/STM32G0xx_HAL_Driver/Src/stm32g0xx_hal_tim_ex.o
                0x00000000080045c8                HAL_TIMEx_MasterConfigSynchronization
 .text.HAL_TIMEx_ConfigBreakDeadTime
                0x0000000008004674      0x14c Drivers/STM32G0xx_HAL_Driver/Src/stm32g0xx_hal_tim_ex.o
                0x0000000008004674                HAL_TIMEx_ConfigBreakDeadTime
 .text.HAL_TIMEx_CommutCallback
                0x00000000080047c0       0x10 Drivers/STM32G0xx_HAL_Driver/Src/stm32g0xx_hal_tim_ex.o
                0x00000000080047c0                HAL_TIMEx_CommutCallback
 .text.HAL_TIMEx_BreakCallback
                0x00000000080047d0       0x10 Drivers/STM32G0xx_HAL_Driver/Src/stm32g0xx_hal_tim_ex.o
                0x00000000080047d0                HAL_TIMEx_BreakCallback
 .text.HAL_TIMEx_Break2Callback
                0x00000000080047e0       0x10 Drivers/STM32G0xx_HAL_Driver/Src/stm32g0xx_hal_tim_ex.o
                0x00000000080047e0                HAL_TIMEx_Break2Callback
 .text.LL_GPIO_SetPinMode
                0x00000000080047f0       0x3a Drivers/STM32G0xx_HAL_Driver/Src/stm32g0xx_ll_gpio.o
 .text.LL_GPIO_SetPinOutputType
                0x000000000800482a       0x2a Drivers/STM32G0xx_HAL_Driver/Src/stm32g0xx_ll_gpio.o
 .text.LL_GPIO_SetPinSpeed
                0x0000000008004854       0x3a Drivers/STM32G0xx_HAL_Driver/Src/stm32g0xx_ll_gpio.o
 .text.LL_GPIO_SetPinPull
                0x000000000800488e       0x3a Drivers/STM32G0xx_HAL_Driver/Src/stm32g0xx_ll_gpio.o
 .text.LL_GPIO_SetAFPin_0_7
                0x00000000080048c8       0x4a Drivers/STM32G0xx_HAL_Driver/Src/stm32g0xx_ll_gpio.o
 .text.LL_GPIO_SetAFPin_8_15
                0x0000000008004912       0x5a Drivers/STM32G0xx_HAL_Driver/Src/stm32g0xx_ll_gpio.o
 .text.LL_GPIO_Init
                0x000000000800496c       0xc8 Drivers/STM32G0xx_HAL_Driver/Src/stm32g0xx_ll_gpio.o
                0x000000000800496c                LL_GPIO_Init
 .text.__libc_init_array
                0x0000000008004a34       0x48 c:/st/stm32cubeide_1.0.2/stm32cubeide/plugins/com.st.stm32cube.ide.mcu.externaltools.gnu-tools-for-stm32.7-2018-q2-update.win32_1.0.0.201904181610/tools/bin/../lib/gcc/arm-none-eabi/7.3.1/../../../../arm-none-eabi/lib/thumb/v6-m\libc_nano.a(lib_a-init.o)
                0x0000000008004a34                __libc_init_array
 .text.memset   0x0000000008004a7c       0x10 c:/st/stm32cubeide_1.0.2/stm32cubeide/plugins/com.st.stm32cube.ide.mcu.externaltools.gnu-tools-for-stm32.7-2018-q2-update.win32_1.0.0.201904181610/tools/bin/../lib/gcc/arm-none-eabi/7.3.1/../../../../arm-none-eabi/lib/thumb/v6-m\libc_nano.a(lib_a-memset.o)
                0x0000000008004a7c                memset
 *(.glue_7)
 .glue_7        0x0000000008004a8c        0x0 linker stubs
 *(.glue_7t)
 .glue_7t       0x0000000008004a8c        0x0 linker stubs
 *(.eh_frame)
 .eh_frame      0x0000000008004a8c        0x0 c:/st/stm32cubeide_1.0.2/stm32cubeide/plugins/com.st.stm32cube.ide.mcu.externaltools.gnu-tools-for-stm32.7-2018-q2-update.win32_1.0.0.201904181610/tools/bin/../lib/gcc/arm-none-eabi/7.3.1/thumb/v6-m/crtbegin.o
 *(.init)
 .init          0x0000000008004a8c        0x4 c:/st/stm32cubeide_1.0.2/stm32cubeide/plugins/com.st.stm32cube.ide.mcu.externaltools.gnu-tools-for-stm32.7-2018-q2-update.win32_1.0.0.201904181610/tools/bin/../lib/gcc/arm-none-eabi/7.3.1/thumb/v6-m/crti.o
                0x0000000008004a8c                _init
 .init          0x0000000008004a90        0x8 c:/st/stm32cubeide_1.0.2/stm32cubeide/plugins/com.st.stm32cube.ide.mcu.externaltools.gnu-tools-for-stm32.7-2018-q2-update.win32_1.0.0.201904181610/tools/bin/../lib/gcc/arm-none-eabi/7.3.1/thumb/v6-m/crtn.o
 *(.fini)
 .fini          0x0000000008004a98        0x4 c:/st/stm32cubeide_1.0.2/stm32cubeide/plugins/com.st.stm32cube.ide.mcu.externaltools.gnu-tools-for-stm32.7-2018-q2-update.win32_1.0.0.201904181610/tools/bin/../lib/gcc/arm-none-eabi/7.3.1/thumb/v6-m/crti.o
                0x0000000008004a98                _fini
 .fini          0x0000000008004a9c        0x8 c:/st/stm32cubeide_1.0.2/stm32cubeide/plugins/com.st.stm32cube.ide.mcu.externaltools.gnu-tools-for-stm32.7-2018-q2-update.win32_1.0.0.201904181610/tools/bin/../lib/gcc/arm-none-eabi/7.3.1/thumb/v6-m/crtn.o
                0x0000000008004aa4                . = ALIGN (0x4)
                0x0000000008004aa4                _etext = .

.vfp11_veneer   0x0000000008004aa4        0x0
 .vfp11_veneer  0x0000000008004aa4        0x0 linker stubs

.v4_bx          0x0000000008004aa4        0x0
 .v4_bx         0x0000000008004aa4        0x0 linker stubs

.iplt           0x0000000008004aa4        0x0
 .iplt          0x0000000008004aa4        0x0 c:/st/stm32cubeide_1.0.2/stm32cubeide/plugins/com.st.stm32cube.ide.mcu.externaltools.gnu-tools-for-stm32.7-2018-q2-update.win32_1.0.0.201904181610/tools/bin/../lib/gcc/arm-none-eabi/7.3.1/thumb/v6-m/crtbegin.o

.rodata         0x0000000008004aa4       0xbc
                0x0000000008004aa4                . = ALIGN (0x4)
 *(.rodata)
 *(.rodata*)
 .rodata.nixie_display_set_anode
                0x0000000008004aa4       0x28 Core/Src/nixie.o
 .rodata.AHBPrescTable
                0x0000000008004acc       0x40 Core/Src/system_stm32g0xx.o
                0x0000000008004acc                AHBPrescTable
 .rodata.HAL_TIM_PWM_ConfigChannel
                0x0000000008004b0c       0x54 Drivers/STM32G0xx_HAL_Driver/Src/stm32g0xx_hal_tim.o
                0x0000000008004b60                . = ALIGN (0x4)

.rel.dyn        0x0000000008004b60        0x0
 .rel.iplt      0x0000000008004b60        0x0 c:/st/stm32cubeide_1.0.2/stm32cubeide/plugins/com.st.stm32cube.ide.mcu.externaltools.gnu-tools-for-stm32.7-2018-q2-update.win32_1.0.0.201904181610/tools/bin/../lib/gcc/arm-none-eabi/7.3.1/thumb/v6-m/crtbegin.o

.ARM.extab      0x0000000008004b60        0x0
                0x0000000008004b60                . = ALIGN (0x4)
 *(.ARM.extab* .gnu.linkonce.armextab.*)
                0x0000000008004b60                . = ALIGN (0x4)

.ARM            0x0000000008004b60        0x0
                0x0000000008004b60                . = ALIGN (0x4)
                0x0000000008004b60                __exidx_start = .
 *(.ARM.exidx*)
                0x0000000008004b60                __exidx_end = .
                0x0000000008004b60                . = ALIGN (0x4)

.preinit_array  0x0000000008004b60        0x0
                0x0000000008004b60                . = ALIGN (0x4)
                0x0000000008004b60                PROVIDE (__preinit_array_start = .)
 *(.preinit_array*)
                0x0000000008004b60                PROVIDE (__preinit_array_end = .)
                0x0000000008004b60                . = ALIGN (0x4)

.init_array     0x0000000008004b60        0x4
                0x0000000008004b60                . = ALIGN (0x4)
                0x0000000008004b60                PROVIDE (__init_array_start = .)
 *(SORT_BY_NAME(.init_array.*))
 *(.init_array*)
 .init_array    0x0000000008004b60        0x4 c:/st/stm32cubeide_1.0.2/stm32cubeide/plugins/com.st.stm32cube.ide.mcu.externaltools.gnu-tools-for-stm32.7-2018-q2-update.win32_1.0.0.201904181610/tools/bin/../lib/gcc/arm-none-eabi/7.3.1/thumb/v6-m/crtbegin.o
                0x0000000008004b64                PROVIDE (__init_array_end = .)
                0x0000000008004b64                . = ALIGN (0x4)

.fini_array     0x0000000008004b64        0x4
                0x0000000008004b64                . = ALIGN (0x4)
                [!provide]                        PROVIDE (__fini_array_start = .)
 *(SORT_BY_NAME(.fini_array.*))
 *(.fini_array*)
 .fini_array    0x0000000008004b64        0x4 c:/st/stm32cubeide_1.0.2/stm32cubeide/plugins/com.st.stm32cube.ide.mcu.externaltools.gnu-tools-for-stm32.7-2018-q2-update.win32_1.0.0.201904181610/tools/bin/../lib/gcc/arm-none-eabi/7.3.1/thumb/v6-m/crtbegin.o
                [!provide]                        PROVIDE (__fini_array_end = .)
                0x0000000008004b68                . = ALIGN (0x4)
                0x0000000008004b68                _sidata = LOADADDR (.data)

.data           0x0000000020000000       0x10 load address 0x0000000008004b68
                0x0000000020000000                . = ALIGN (0x4)
                0x0000000020000000                _sdata = .
 *(.data)
 *(.data*)
 .data.poll_comp
                0x0000000020000000        0x1 Core/Src/nixie.o
                0x0000000020000000                poll_comp
 *fill*         0x0000000020000001        0x3 
 .data.SystemCoreClock
                0x0000000020000004        0x4 Core/Src/system_stm32g0xx.o
                0x0000000020000004                SystemCoreClock
 .data.uwTickPrio
                0x0000000020000008        0x4 Drivers/STM32G0xx_HAL_Driver/Src/stm32g0xx_hal.o
                0x0000000020000008                uwTickPrio
 .data.uwTickFreq
                0x000000002000000c        0x4 Drivers/STM32G0xx_HAL_Driver/Src/stm32g0xx_hal.o
                0x000000002000000c                uwTickFreq
                0x0000000020000010                . = ALIGN (0x4)
                0x0000000020000010                _edata = .

.igot.plt       0x0000000020000010        0x0 load address 0x0000000008004b78
 .igot.plt      0x0000000020000010        0x0 c:/st/stm32cubeide_1.0.2/stm32cubeide/plugins/com.st.stm32cube.ide.mcu.externaltools.gnu-tools-for-stm32.7-2018-q2-update.win32_1.0.0.201904181610/tools/bin/../lib/gcc/arm-none-eabi/7.3.1/thumb/v6-m/crtbegin.o
                0x0000000020000010                . = ALIGN (0x4)

.bss            0x0000000020000010      0x198 load address 0x0000000008004b78
                0x0000000020000010                _sbss = .
                0x0000000020000010                __bss_start__ = _sbss
 *(.bss)
 .bss           0x0000000020000010       0x1c c:/st/stm32cubeide_1.0.2/stm32cubeide/plugins/com.st.stm32cube.ide.mcu.externaltools.gnu-tools-for-stm32.7-2018-q2-update.win32_1.0.0.201904181610/tools/bin/../lib/gcc/arm-none-eabi/7.3.1/thumb/v6-m/crtbegin.o
 *(.bss*)
 .bss.dac_value
                0x000000002000002c        0x4 Core/Src/nixie.o
                0x000000002000002c                dac_value
 .bss.digit     0x0000000020000030        0x1 Core/Src/nixie.o
                0x0000000020000030                digit
 .bss.hours     0x0000000020000031        0x1 Core/Src/nixie.o
                0x0000000020000031                hours
 .bss.minutes   0x0000000020000032        0x1 Core/Src/nixie.o
                0x0000000020000032                minutes
 .bss.seconds   0x0000000020000033        0x1 Core/Src/nixie.o
                0x0000000020000033                seconds
 *(COMMON)
 COMMON         0x0000000020000034       0x30 Core/Src/comp.o
                0x0000000020000034                hcomp2
 COMMON         0x0000000020000064       0x14 Core/Src/dac.o
                0x0000000020000064                hdac1
 COMMON         0x0000000020000078       0x2c Core/Src/rtc.o
                0x0000000020000078                hrtc
 COMMON         0x00000000200000a4      0x100 Core/Src/tim.o
                0x00000000200000a4                htim15
                0x00000000200000e4                htim2
                0x0000000020000124                htim14
                0x0000000020000164                htim16
 COMMON         0x00000000200001a4        0x4 Drivers/STM32G0xx_HAL_Driver/Src/stm32g0xx_hal.o
                0x00000000200001a4                uwTick
                0x00000000200001a8                . = ALIGN (0x4)
                0x00000000200001a8                _ebss = .
                0x00000000200001a8                __bss_end__ = _ebss

._user_heap_stack
                0x00000000200001a8      0x600 load address 0x0000000008004b78
                0x00000000200001a8                . = ALIGN (0x8)
                0x00000000200001a8                PROVIDE (end = .)
                [!provide]                        PROVIDE (_end = .)
                0x00000000200003a8                . = (. + _Min_Heap_Size)
 *fill*         0x00000000200001a8      0x200 
                0x00000000200007a8                . = (. + _Min_Stack_Size)
 *fill*         0x00000000200003a8      0x400 
                0x00000000200007a8                . = ALIGN (0x8)

/DISCARD/
 libc.a(*)
 libm.a(*)
 libgcc.a(*)

.ARM.attributes
                0x0000000000000000       0x28
 *(.ARM.attributes)
 .ARM.attributes
                0x0000000000000000       0x1e c:/st/stm32cubeide_1.0.2/stm32cubeide/plugins/com.st.stm32cube.ide.mcu.externaltools.gnu-tools-for-stm32.7-2018-q2-update.win32_1.0.0.201904181610/tools/bin/../lib/gcc/arm-none-eabi/7.3.1/thumb/v6-m/crti.o
 .ARM.attributes
                0x000000000000001e       0x2c c:/st/stm32cubeide_1.0.2/stm32cubeide/plugins/com.st.stm32cube.ide.mcu.externaltools.gnu-tools-for-stm32.7-2018-q2-update.win32_1.0.0.201904181610/tools/bin/../lib/gcc/arm-none-eabi/7.3.1/thumb/v6-m/crtbegin.o
 .ARM.attributes
                0x000000000000004a       0x32 Core/Src/comp.o
 .ARM.attributes
                0x000000000000007c       0x32 Core/Src/dac.o
 .ARM.attributes
                0x00000000000000ae       0x32 Core/Src/gpio.o
 .ARM.attributes
                0x00000000000000e0       0x32 Core/Src/main.o
 .ARM.attributes
                0x0000000000000112       0x32 Core/Src/nixie.o
 .ARM.attributes
                0x0000000000000144       0x32 Core/Src/rtc.o
 .ARM.attributes
                0x0000000000000176       0x32 Core/Src/stm32g0xx_hal_msp.o
 .ARM.attributes
                0x00000000000001a8       0x32 Core/Src/stm32g0xx_it.o
 .ARM.attributes
                0x00000000000001da       0x32 Core/Src/system_stm32g0xx.o
 .ARM.attributes
                0x000000000000020c       0x32 Core/Src/tim.o
 .ARM.attributes
                0x000000000000023e       0x21 Core/Startup/startup_stm32g071cbux.o
 .ARM.attributes
                0x000000000000025f       0x32 Drivers/STM32G0xx_HAL_Driver/Src/stm32g0xx_hal.o
 .ARM.attributes
                0x0000000000000291       0x32 Drivers/STM32G0xx_HAL_Driver/Src/stm32g0xx_hal_comp.o
 .ARM.attributes
                0x00000000000002c3       0x32 Drivers/STM32G0xx_HAL_Driver/Src/stm32g0xx_hal_cortex.o
 .ARM.attributes
                0x00000000000002f5       0x32 Drivers/STM32G0xx_HAL_Driver/Src/stm32g0xx_hal_dac.o
 .ARM.attributes
                0x0000000000000327       0x32 Drivers/STM32G0xx_HAL_Driver/Src/stm32g0xx_hal_gpio.o
 .ARM.attributes
                0x0000000000000359       0x32 Drivers/STM32G0xx_HAL_Driver/Src/stm32g0xx_hal_pwr_ex.o
 .ARM.attributes
                0x000000000000038b       0x32 Drivers/STM32G0xx_HAL_Driver/Src/stm32g0xx_hal_rcc.o
 .ARM.attributes
                0x00000000000003bd       0x32 Drivers/STM32G0xx_HAL_Driver/Src/stm32g0xx_hal_rcc_ex.o
 .ARM.attributes
                0x00000000000003ef       0x32 Drivers/STM32G0xx_HAL_Driver/Src/stm32g0xx_hal_rtc.o
 .ARM.attributes
                0x0000000000000421       0x32 Drivers/STM32G0xx_HAL_Driver/Src/stm32g0xx_hal_tim.o
 .ARM.attributes
                0x0000000000000453       0x32 Drivers/STM32G0xx_HAL_Driver/Src/stm32g0xx_hal_tim_ex.o
 .ARM.attributes
                0x0000000000000485       0x32 Drivers/STM32G0xx_HAL_Driver/Src/stm32g0xx_ll_gpio.o
 .ARM.attributes
                0x00000000000004b7       0x2c c:/st/stm32cubeide_1.0.2/stm32cubeide/plugins/com.st.stm32cube.ide.mcu.externaltools.gnu-tools-for-stm32.7-2018-q2-update.win32_1.0.0.201904181610/tools/bin/../lib/gcc/arm-none-eabi/7.3.1/../../../../arm-none-eabi/lib/thumb/v6-m\libc_nano.a(lib_a-init.o)
 .ARM.attributes
                0x00000000000004e3       0x2c c:/st/stm32cubeide_1.0.2/stm32cubeide/plugins/com.st.stm32cube.ide.mcu.externaltools.gnu-tools-for-stm32.7-2018-q2-update.win32_1.0.0.201904181610/tools/bin/../lib/gcc/arm-none-eabi/7.3.1/../../../../arm-none-eabi/lib/thumb/v6-m\libc_nano.a(lib_a-memset.o)
 .ARM.attributes
                0x000000000000050f       0x1e c:/st/stm32cubeide_1.0.2/stm32cubeide/plugins/com.st.stm32cube.ide.mcu.externaltools.gnu-tools-for-stm32.7-2018-q2-update.win32_1.0.0.201904181610/tools/bin/../lib/gcc/arm-none-eabi/7.3.1/thumb/v6-m\libgcc.a(_udivsi3.o)
 .ARM.attributes
                0x000000000000052d       0x1e c:/st/stm32cubeide_1.0.2/stm32cubeide/plugins/com.st.stm32cube.ide.mcu.externaltools.gnu-tools-for-stm32.7-2018-q2-update.win32_1.0.0.201904181610/tools/bin/../lib/gcc/arm-none-eabi/7.3.1/thumb/v6-m\libgcc.a(_dvmd_tls.o)
 .ARM.attributes
                0x000000000000054b       0x1e c:/st/stm32cubeide_1.0.2/stm32cubeide/plugins/com.st.stm32cube.ide.mcu.externaltools.gnu-tools-for-stm32.7-2018-q2-update.win32_1.0.0.201904181610/tools/bin/../lib/gcc/arm-none-eabi/7.3.1/thumb/v6-m/crtn.o
OUTPUT(nixie.elf elf32-littlearm)

.debug_info     0x0000000000000000     0xecf6
 .debug_info    0x0000000000000000      0x63c Core/Src/comp.o
 .debug_info    0x000000000000063c      0x8e6 Core/Src/dac.o
 .debug_info    0x0000000000000f22      0x4cb Core/Src/gpio.o
 .debug_info    0x00000000000013ed     0x108f Core/Src/main.o
 .debug_info    0x000000000000247c      0xcc1 Core/Src/nixie.o
 .debug_info    0x000000000000313d      0x714 Core/Src/rtc.o
 .debug_info    0x0000000000003851      0x427 Core/Src/stm32g0xx_hal_msp.o
 .debug_info    0x0000000000003c78      0x7fe Core/Src/stm32g0xx_it.o
 .debug_info    0x0000000000004476      0x434 Core/Src/system_stm32g0xx.o
 .debug_info    0x00000000000048aa      0xea1 Core/Src/tim.o
 .debug_info    0x000000000000574b       0x22 Core/Startup/startup_stm32g071cbux.o
 .debug_info    0x000000000000576d      0xa11 Drivers/STM32G0xx_HAL_Driver/Src/stm32g0xx_hal.o
 .debug_info    0x000000000000617e      0x8dc Drivers/STM32G0xx_HAL_Driver/Src/stm32g0xx_hal_comp.o
 .debug_info    0x0000000000006a5a      0x971 Drivers/STM32G0xx_HAL_Driver/Src/stm32g0xx_hal_cortex.o
 .debug_info    0x00000000000073cb      0xb69 Drivers/STM32G0xx_HAL_Driver/Src/stm32g0xx_hal_dac.o
 .debug_info    0x0000000000007f34      0x67f Drivers/STM32G0xx_HAL_Driver/Src/stm32g0xx_hal_gpio.o
 .debug_info    0x00000000000085b3      0x64f Drivers/STM32G0xx_HAL_Driver/Src/stm32g0xx_hal_pwr_ex.o
 .debug_info    0x0000000000008c02      0xab0 Drivers/STM32G0xx_HAL_Driver/Src/stm32g0xx_hal_rcc.o
 .debug_info    0x00000000000096b2      0x815 Drivers/STM32G0xx_HAL_Driver/Src/stm32g0xx_hal_rcc_ex.o
 .debug_info    0x0000000000009ec7      0xc96 Drivers/STM32G0xx_HAL_Driver/Src/stm32g0xx_hal_rtc.o
 .debug_info    0x000000000000ab5d     0x264d Drivers/STM32G0xx_HAL_Driver/Src/stm32g0xx_hal_tim.o
 .debug_info    0x000000000000d1aa     0x1499 Drivers/STM32G0xx_HAL_Driver/Src/stm32g0xx_hal_tim_ex.o
 .debug_info    0x000000000000e643      0x6b3 Drivers/STM32G0xx_HAL_Driver/Src/stm32g0xx_ll_gpio.o

.debug_abbrev   0x0000000000000000     0x2790
 .debug_abbrev  0x0000000000000000      0x168 Core/Src/comp.o
 .debug_abbrev  0x0000000000000168      0x18e Core/Src/dac.o
 .debug_abbrev  0x00000000000002f6      0x161 Core/Src/gpio.o
 .debug_abbrev  0x0000000000000457      0x194 Core/Src/main.o
 .debug_abbrev  0x00000000000005eb      0x223 Core/Src/nixie.o
 .debug_abbrev  0x000000000000080e      0x159 Core/Src/rtc.o
 .debug_abbrev  0x0000000000000967      0x159 Core/Src/stm32g0xx_hal_msp.o
 .debug_abbrev  0x0000000000000ac0      0x178 Core/Src/stm32g0xx_it.o
 .debug_abbrev  0x0000000000000c38      0x147 Core/Src/system_stm32g0xx.o
 .debug_abbrev  0x0000000000000d7f      0x203 Core/Src/tim.o
 .debug_abbrev  0x0000000000000f82       0x12 Core/Startup/startup_stm32g071cbux.o
 .debug_abbrev  0x0000000000000f94      0x242 Drivers/STM32G0xx_HAL_Driver/Src/stm32g0xx_hal.o
 .debug_abbrev  0x00000000000011d6      0x1ff Drivers/STM32G0xx_HAL_Driver/Src/stm32g0xx_hal_comp.o
 .debug_abbrev  0x00000000000013d5      0x27c Drivers/STM32G0xx_HAL_Driver/Src/stm32g0xx_hal_cortex.o
 .debug_abbrev  0x0000000000001651      0x1db Drivers/STM32G0xx_HAL_Driver/Src/stm32g0xx_hal_dac.o
 .debug_abbrev  0x000000000000182c      0x1b7 Drivers/STM32G0xx_HAL_Driver/Src/stm32g0xx_hal_gpio.o
 .debug_abbrev  0x00000000000019e3      0x1f6 Drivers/STM32G0xx_HAL_Driver/Src/stm32g0xx_hal_pwr_ex.o
 .debug_abbrev  0x0000000000001bd9      0x211 Drivers/STM32G0xx_HAL_Driver/Src/stm32g0xx_hal_rcc.o
 .debug_abbrev  0x0000000000001dea      0x1d4 Drivers/STM32G0xx_HAL_Driver/Src/stm32g0xx_hal_rcc_ex.o
 .debug_abbrev  0x0000000000001fbe      0x1c4 Drivers/STM32G0xx_HAL_Driver/Src/stm32g0xx_hal_rtc.o
 .debug_abbrev  0x0000000000002182      0x23f Drivers/STM32G0xx_HAL_Driver/Src/stm32g0xx_hal_tim.o
 .debug_abbrev  0x00000000000023c1      0x22d Drivers/STM32G0xx_HAL_Driver/Src/stm32g0xx_hal_tim_ex.o
 .debug_abbrev  0x00000000000025ee      0x1a2 Drivers/STM32G0xx_HAL_Driver/Src/stm32g0xx_ll_gpio.o

.debug_aranges  0x0000000000000000      0xe58
 .debug_aranges
                0x0000000000000000       0x30 Core/Src/comp.o
 .debug_aranges
                0x0000000000000030       0x30 Core/Src/dac.o
 .debug_aranges
                0x0000000000000060       0x30 Core/Src/gpio.o
 .debug_aranges
                0x0000000000000090       0x30 Core/Src/main.o
 .debug_aranges
                0x00000000000000c0       0x58 Core/Src/nixie.o
 .debug_aranges
                0x0000000000000118       0x30 Core/Src/rtc.o
 .debug_aranges
                0x0000000000000148       0x28 Core/Src/stm32g0xx_hal_msp.o
 .debug_aranges
                0x0000000000000170       0x58 Core/Src/stm32g0xx_it.o
 .debug_aranges
                0x00000000000001c8       0x28 Core/Src/system_stm32g0xx.o
 .debug_aranges
                0x00000000000001f0       0x50 Core/Src/tim.o
 .debug_aranges
                0x0000000000000240       0x28 Core/Startup/startup_stm32g071cbux.o
 .debug_aranges
                0x0000000000000268      0x120 Drivers/STM32G0xx_HAL_Driver/Src/stm32g0xx_hal.o
 .debug_aranges
                0x0000000000000388       0xd8 Drivers/STM32G0xx_HAL_Driver/Src/stm32g0xx_hal_comp.o
 .debug_aranges
                0x0000000000000460       0xd8 Drivers/STM32G0xx_HAL_Driver/Src/stm32g0xx_hal_cortex.o
 .debug_aranges
                0x0000000000000538       0xc0 Drivers/STM32G0xx_HAL_Driver/Src/stm32g0xx_hal_dac.o
 .debug_aranges
                0x00000000000005f8       0x60 Drivers/STM32G0xx_HAL_Driver/Src/stm32g0xx_hal_gpio.o
 .debug_aranges
                0x0000000000000658       0xc0 Drivers/STM32G0xx_HAL_Driver/Src/stm32g0xx_hal_pwr_ex.o
 .debug_aranges
                0x0000000000000718       0x98 Drivers/STM32G0xx_HAL_Driver/Src/stm32g0xx_hal_rcc.o
 .debug_aranges
                0x00000000000007b0       0x40 Drivers/STM32G0xx_HAL_Driver/Src/stm32g0xx_hal_rcc_ex.o
 .debug_aranges
                0x00000000000007f0       0xc0 Drivers/STM32G0xx_HAL_Driver/Src/stm32g0xx_hal_rtc.o
 .debug_aranges
                0x00000000000008b0      0x3b8 Drivers/STM32G0xx_HAL_Driver/Src/stm32g0xx_hal_tim.o
 .debug_aranges
                0x0000000000000c68      0x180 Drivers/STM32G0xx_HAL_Driver/Src/stm32g0xx_hal_tim_ex.o
 .debug_aranges
                0x0000000000000de8       0x70 Drivers/STM32G0xx_HAL_Driver/Src/stm32g0xx_ll_gpio.o

.debug_ranges   0x0000000000000000      0xcf0
 .debug_ranges  0x0000000000000000       0x20 Core/Src/comp.o
 .debug_ranges  0x0000000000000020       0x20 Core/Src/dac.o
 .debug_ranges  0x0000000000000040       0x20 Core/Src/gpio.o
 .debug_ranges  0x0000000000000060       0x20 Core/Src/main.o
 .debug_ranges  0x0000000000000080       0x48 Core/Src/nixie.o
 .debug_ranges  0x00000000000000c8       0x20 Core/Src/rtc.o
 .debug_ranges  0x00000000000000e8       0x18 Core/Src/stm32g0xx_hal_msp.o
 .debug_ranges  0x0000000000000100       0x48 Core/Src/stm32g0xx_it.o
 .debug_ranges  0x0000000000000148       0x18 Core/Src/system_stm32g0xx.o
 .debug_ranges  0x0000000000000160       0x40 Core/Src/tim.o
 .debug_ranges  0x00000000000001a0       0x20 Core/Startup/startup_stm32g071cbux.o
 .debug_ranges  0x00000000000001c0      0x110 Drivers/STM32G0xx_HAL_Driver/Src/stm32g0xx_hal.o
 .debug_ranges  0x00000000000002d0       0xc8 Drivers/STM32G0xx_HAL_Driver/Src/stm32g0xx_hal_comp.o
 .debug_ranges  0x0000000000000398       0xc8 Drivers/STM32G0xx_HAL_Driver/Src/stm32g0xx_hal_cortex.o
 .debug_ranges  0x0000000000000460       0xb0 Drivers/STM32G0xx_HAL_Driver/Src/stm32g0xx_hal_dac.o
 .debug_ranges  0x0000000000000510       0x50 Drivers/STM32G0xx_HAL_Driver/Src/stm32g0xx_hal_gpio.o
 .debug_ranges  0x0000000000000560       0xb0 Drivers/STM32G0xx_HAL_Driver/Src/stm32g0xx_hal_pwr_ex.o
 .debug_ranges  0x0000000000000610       0x88 Drivers/STM32G0xx_HAL_Driver/Src/stm32g0xx_hal_rcc.o
 .debug_ranges  0x0000000000000698       0x30 Drivers/STM32G0xx_HAL_Driver/Src/stm32g0xx_hal_rcc_ex.o
 .debug_ranges  0x00000000000006c8       0xb0 Drivers/STM32G0xx_HAL_Driver/Src/stm32g0xx_hal_rtc.o
 .debug_ranges  0x0000000000000778      0x3a8 Drivers/STM32G0xx_HAL_Driver/Src/stm32g0xx_hal_tim.o
 .debug_ranges  0x0000000000000b20      0x170 Drivers/STM32G0xx_HAL_Driver/Src/stm32g0xx_hal_tim_ex.o
 .debug_ranges  0x0000000000000c90       0x60 Drivers/STM32G0xx_HAL_Driver/Src/stm32g0xx_ll_gpio.o

.debug_macro    0x0000000000000000    0x19f02
 .debug_macro   0x0000000000000000      0x262 Core/Src/comp.o
 .debug_macro   0x0000000000000262      0xa4e Core/Src/comp.o
 .debug_macro   0x0000000000000cb0      0x115 Core/Src/comp.o
 .debug_macro   0x0000000000000dc5       0x2e Core/Src/comp.o
 .debug_macro   0x0000000000000df3       0x28 Core/Src/comp.o
 .debug_macro   0x0000000000000e1b       0x22 Core/Src/comp.o
 .debug_macro   0x0000000000000e3d       0x8e Core/Src/comp.o
 .debug_macro   0x0000000000000ecb       0x51 Core/Src/comp.o
 .debug_macro   0x0000000000000f1c       0xef Core/Src/comp.o
 .debug_macro   0x000000000000100b       0x6a Core/Src/comp.o
 .debug_macro   0x0000000000001075      0x1df Core/Src/comp.o
 .debug_macro   0x0000000000001254       0x1c Core/Src/comp.o
 .debug_macro   0x0000000000001270       0x22 Core/Src/comp.o
 .debug_macro   0x0000000000001292       0xb5 Core/Src/comp.o
 .debug_macro   0x0000000000001347      0x4da Core/Src/comp.o
 .debug_macro   0x0000000000001821      0x11f Core/Src/comp.o
 .debug_macro   0x0000000000001940     0xc54d Core/Src/comp.o
 .debug_macro   0x000000000000de8d       0x3c Core/Src/comp.o
 .debug_macro   0x000000000000dec9     0x3468 Core/Src/comp.o
 .debug_macro   0x0000000000011331      0x174 Core/Src/comp.o
 .debug_macro   0x00000000000114a5       0x5a Core/Src/comp.o
 .debug_macro   0x00000000000114ff      0x57a Core/Src/comp.o
 .debug_macro   0x0000000000011a79     0x1099 Core/Src/comp.o
 .debug_macro   0x0000000000012b12      0x257 Core/Src/comp.o
 .debug_macro   0x0000000000012d69      0x153 Core/Src/comp.o
 .debug_macro   0x0000000000012ebc      0x1a5 Core/Src/comp.o
 .debug_macro   0x0000000000013061      0x398 Core/Src/comp.o
 .debug_macro   0x00000000000133f9      0x1a5 Core/Src/comp.o
 .debug_macro   0x000000000001359e       0x43 Core/Src/comp.o
 .debug_macro   0x00000000000135e1      0x1f1 Core/Src/comp.o
 .debug_macro   0x00000000000137d2      0x1d3 Core/Src/comp.o
 .debug_macro   0x00000000000139a5      0x2b8 Core/Src/comp.o
 .debug_macro   0x0000000000013c5d      0x161 Core/Src/comp.o
 .debug_macro   0x0000000000013dbe       0xd0 Core/Src/comp.o
 .debug_macro   0x0000000000013e8e      0x1c4 Core/Src/comp.o
 .debug_macro   0x0000000000014052      0x36e Core/Src/comp.o
 .debug_macro   0x00000000000143c0       0x28 Core/Src/comp.o
 .debug_macro   0x00000000000143e8       0xc1 Core/Src/comp.o
 .debug_macro   0x00000000000144a9      0x26f Core/Src/comp.o
 .debug_macro   0x0000000000014718       0xd2 Core/Src/comp.o
 .debug_macro   0x00000000000147ea      0x321 Core/Src/comp.o
 .debug_macro   0x0000000000014b0b      0x433 Core/Src/comp.o
 .debug_macro   0x0000000000014f3e       0xeb Core/Src/comp.o
 .debug_macro   0x0000000000015029      0xa3d Core/Src/comp.o
 .debug_macro   0x0000000000015a66      0x189 Core/Src/comp.o
 .debug_macro   0x0000000000015bef      0x503 Core/Src/comp.o
 .debug_macro   0x00000000000160f2      0x141 Core/Src/comp.o
 .debug_macro   0x0000000000016233      0x132 Core/Src/comp.o
 .debug_macro   0x0000000000016365      0x122 Core/Src/comp.o
 .debug_macro   0x0000000000016487      0x175 Core/Src/comp.o
 .debug_macro   0x00000000000165fc       0x5a Core/Src/comp.o
 .debug_macro   0x0000000000016656      0x1ca Core/Src/comp.o
 .debug_macro   0x0000000000016820      0x419 Core/Src/comp.o
 .debug_macro   0x0000000000016c39      0x281 Core/Src/comp.o
 .debug_macro   0x0000000000016eba       0xf4 Core/Src/comp.o
 .debug_macro   0x0000000000016fae      0x262 Core/Src/dac.o
 .debug_macro   0x0000000000017210      0x262 Core/Src/gpio.o
 .debug_macro   0x0000000000017472      0x297 Core/Src/main.o
 .debug_macro   0x0000000000017709       0x10 Core/Src/main.o
 .debug_macro   0x0000000000017719      0x28f Core/Src/nixie.o
 .debug_macro   0x00000000000179a8       0x22 Core/Src/nixie.o
 .debug_macro   0x00000000000179ca      0x262 Core/Src/rtc.o
 .debug_macro   0x0000000000017c2c      0x258 Core/Src/stm32g0xx_hal_msp.o
 .debug_macro   0x0000000000017e84      0x262 Core/Src/stm32g0xx_it.o
 .debug_macro   0x00000000000180e6      0x1f9 Core/Src/system_stm32g0xx.o
 .debug_macro   0x00000000000182df      0x262 Core/Src/tim.o
 .debug_macro   0x0000000000018541      0x217 Drivers/STM32G0xx_HAL_Driver/Src/stm32g0xx_hal.o
 .debug_macro   0x0000000000018758      0x209 Drivers/STM32G0xx_HAL_Driver/Src/stm32g0xx_hal_comp.o
 .debug_macro   0x0000000000018961      0x1f3 Drivers/STM32G0xx_HAL_Driver/Src/stm32g0xx_hal_cortex.o
 .debug_macro   0x0000000000018b54      0x1fb Drivers/STM32G0xx_HAL_Driver/Src/stm32g0xx_hal_dac.o
 .debug_macro   0x0000000000018d4f      0x22b Drivers/STM32G0xx_HAL_Driver/Src/stm32g0xx_hal_gpio.o
 .debug_macro   0x0000000000018f7a      0x205 Drivers/STM32G0xx_HAL_Driver/Src/stm32g0xx_hal_pwr_ex.o
 .debug_macro   0x000000000001917f      0x22f Drivers/STM32G0xx_HAL_Driver/Src/stm32g0xx_hal_rcc.o
 .debug_macro   0x00000000000193ae      0x20b Drivers/STM32G0xx_HAL_Driver/Src/stm32g0xx_hal_rcc_ex.o
 .debug_macro   0x00000000000195b9      0x1f4 Drivers/STM32G0xx_HAL_Driver/Src/stm32g0xx_hal_rtc.o
 .debug_macro   0x00000000000197ad      0x1fb Drivers/STM32G0xx_HAL_Driver/Src/stm32g0xx_hal_tim.o
 .debug_macro   0x00000000000199a8      0x1f9 Drivers/STM32G0xx_HAL_Driver/Src/stm32g0xx_hal_tim_ex.o
 .debug_macro   0x0000000000019ba1      0x235 Drivers/STM32G0xx_HAL_Driver/Src/stm32g0xx_ll_gpio.o
 .debug_macro   0x0000000000019dd6      0x12c Drivers/STM32G0xx_HAL_Driver/Src/stm32g0xx_ll_gpio.o

.debug_line     0x0000000000000000     0xdd4c
 .debug_line    0x0000000000000000      0x821 Core/Src/comp.o
 .debug_line    0x0000000000000821      0x817 Core/Src/dac.o
 .debug_line    0x0000000000001038      0x88e Core/Src/gpio.o
 .debug_line    0x00000000000018c6      0x86b Core/Src/main.o
 .debug_line    0x0000000000002131      0x8f2 Core/Src/nixie.o
 .debug_line    0x0000000000002a23      0x82c Core/Src/rtc.o
 .debug_line    0x000000000000324f      0x806 Core/Src/stm32g0xx_hal_msp.o
 .debug_line    0x0000000000003a55      0x879 Core/Src/stm32g0xx_it.o
 .debug_line    0x00000000000042ce      0x74f Core/Src/system_stm32g0xx.o
 .debug_line    0x0000000000004a1d      0x8f2 Core/Src/tim.o
 .debug_line    0x000000000000530f       0x89 Core/Startup/startup_stm32g071cbux.o
 .debug_line    0x0000000000005398      0x9aa Drivers/STM32G0xx_HAL_Driver/Src/stm32g0xx_hal.o
 .debug_line    0x0000000000005d42      0x9e1 Drivers/STM32G0xx_HAL_Driver/Src/stm32g0xx_hal_comp.o
 .debug_line    0x0000000000006723      0x97a Drivers/STM32G0xx_HAL_Driver/Src/stm32g0xx_hal_cortex.o
 .debug_line    0x000000000000709d      0x98c Drivers/STM32G0xx_HAL_Driver/Src/stm32g0xx_hal_dac.o
 .debug_line    0x0000000000007a29      0x8c2 Drivers/STM32G0xx_HAL_Driver/Src/stm32g0xx_hal_gpio.o
 .debug_line    0x00000000000082eb      0x907 Drivers/STM32G0xx_HAL_Driver/Src/stm32g0xx_hal_pwr_ex.o
 .debug_line    0x0000000000008bf2      0xa23 Drivers/STM32G0xx_HAL_Driver/Src/stm32g0xx_hal_rcc.o
 .debug_line    0x0000000000009615      0x9b3 Drivers/STM32G0xx_HAL_Driver/Src/stm32g0xx_hal_rcc_ex.o
 .debug_line    0x0000000000009fc8      0xae2 Drivers/STM32G0xx_HAL_Driver/Src/stm32g0xx_hal_rtc.o
 .debug_line    0x000000000000aaaa     0x1ba7 Drivers/STM32G0xx_HAL_Driver/Src/stm32g0xx_hal_tim.o
 .debug_line    0x000000000000c651      0xe8e Drivers/STM32G0xx_HAL_Driver/Src/stm32g0xx_hal_tim_ex.o
 .debug_line    0x000000000000d4df      0x86d Drivers/STM32G0xx_HAL_Driver/Src/stm32g0xx_ll_gpio.o

.debug_str      0x0000000000000000    0xa14e8
 .debug_str     0x0000000000000000    0x9d182 Core/Src/comp.o
                                      0x9d8d0 (size before relaxing)
 .debug_str     0x000000000009d182      0x4ac Core/Src/dac.o
                                      0x9db8f (size before relaxing)
 .debug_str     0x000000000009d62e       0x83 Core/Src/gpio.o
                                      0x9d76b (size before relaxing)
 .debug_str     0x000000000009d6b1      0x5ea Core/Src/main.o
                                      0x9e1e7 (size before relaxing)
 .debug_str     0x000000000009dc9b      0x13f Core/Src/nixie.o
                                      0x9de97 (size before relaxing)
 .debug_str     0x000000000009ddda       0xd2 Core/Src/rtc.o
                                      0x9d91a (size before relaxing)
 .debug_str     0x000000000009deac       0x7b Core/Src/stm32g0xx_hal_msp.o
                                      0x9d6fc (size before relaxing)
 .debug_str     0x000000000009df27       0xa8 Core/Src/stm32g0xx_it.o
                                      0x9db1f (size before relaxing)
 .debug_str     0x000000000009dfcf       0x97 Core/Src/system_stm32g0xx.o
                                      0x975c5 (size before relaxing)
 .debug_str     0x000000000009e066      0x471 Core/Src/tim.o
                                      0x9e07d (size before relaxing)
 .debug_str     0x000000000009e4d7       0x36 Core/Startup/startup_stm32g071cbux.o
                                         0x6b (size before relaxing)
 .debug_str     0x000000000009e50d      0x49d Drivers/STM32G0xx_HAL_Driver/Src/stm32g0xx_hal.o
                                      0x97ce1 (size before relaxing)
 .debug_str     0x000000000009e9aa      0x3b7 Drivers/STM32G0xx_HAL_Driver/Src/stm32g0xx_hal_comp.o
                                      0x979f0 (size before relaxing)
 .debug_str     0x000000000009ed61      0x290 Drivers/STM32G0xx_HAL_Driver/Src/stm32g0xx_hal_cortex.o
                                      0x97a5e (size before relaxing)
 .debug_str     0x000000000009eff1      0x1e3 Drivers/STM32G0xx_HAL_Driver/Src/stm32g0xx_hal_dac.o
                                      0x97b72 (size before relaxing)
 .debug_str     0x000000000009f1d4      0x1fa Drivers/STM32G0xx_HAL_Driver/Src/stm32g0xx_hal_gpio.o
                                      0x977bb (size before relaxing)
 .debug_str     0x000000000009f3ce      0x2d1 Drivers/STM32G0xx_HAL_Driver/Src/stm32g0xx_hal_pwr_ex.o
                                      0x978b6 (size before relaxing)
 .debug_str     0x000000000009f69f      0x360 Drivers/STM32G0xx_HAL_Driver/Src/stm32g0xx_hal_rcc.o
                                      0x97b67 (size before relaxing)
 .debug_str     0x000000000009f9ff      0x16c Drivers/STM32G0xx_HAL_Driver/Src/stm32g0xx_hal_rcc_ex.o
                                      0x97907 (size before relaxing)
 .debug_str     0x000000000009fb6b      0x22f Drivers/STM32G0xx_HAL_Driver/Src/stm32g0xx_hal_rtc.o
                                      0x979dd (size before relaxing)
 .debug_str     0x000000000009fd9a      0xcca Drivers/STM32G0xx_HAL_Driver/Src/stm32g0xx_hal_tim.o
                                      0x98802 (size before relaxing)
 .debug_str     0x00000000000a0a64      0x54c Drivers/STM32G0xx_HAL_Driver/Src/stm32g0xx_hal_tim_ex.o
                                      0x98198 (size before relaxing)
 .debug_str     0x00000000000a0fb0      0x538 Drivers/STM32G0xx_HAL_Driver/Src/stm32g0xx_ll_gpio.o
                                      0x989bd (size before relaxing)

.comment        0x0000000000000000       0x7b
 .comment       0x0000000000000000       0x7b Core/Src/comp.o
                                         0x7c (size before relaxing)
 .comment       0x000000000000007b       0x7c Core/Src/dac.o
 .comment       0x000000000000007b       0x7c Core/Src/gpio.o
 .comment       0x000000000000007b       0x7c Core/Src/main.o
 .comment       0x000000000000007b       0x7c Core/Src/nixie.o
 .comment       0x000000000000007b       0x7c Core/Src/rtc.o
 .comment       0x000000000000007b       0x7c Core/Src/stm32g0xx_hal_msp.o
 .comment       0x000000000000007b       0x7c Core/Src/stm32g0xx_it.o
 .comment       0x000000000000007b       0x7c Core/Src/system_stm32g0xx.o
 .comment       0x000000000000007b       0x7c Core/Src/tim.o
 .comment       0x000000000000007b       0x7c Drivers/STM32G0xx_HAL_Driver/Src/stm32g0xx_hal.o
 .comment       0x000000000000007b       0x7c Drivers/STM32G0xx_HAL_Driver/Src/stm32g0xx_hal_comp.o
 .comment       0x000000000000007b       0x7c Drivers/STM32G0xx_HAL_Driver/Src/stm32g0xx_hal_cortex.o
 .comment       0x000000000000007b       0x7c Drivers/STM32G0xx_HAL_Driver/Src/stm32g0xx_hal_dac.o
 .comment       0x000000000000007b       0x7c Drivers/STM32G0xx_HAL_Driver/Src/stm32g0xx_hal_gpio.o
 .comment       0x000000000000007b       0x7c Drivers/STM32G0xx_HAL_Driver/Src/stm32g0xx_hal_pwr_ex.o
 .comment       0x000000000000007b       0x7c Drivers/STM32G0xx_HAL_Driver/Src/stm32g0xx_hal_rcc.o
 .comment       0x000000000000007b       0x7c Drivers/STM32G0xx_HAL_Driver/Src/stm32g0xx_hal_rcc_ex.o
 .comment       0x000000000000007b       0x7c Drivers/STM32G0xx_HAL_Driver/Src/stm32g0xx_hal_rtc.o
 .comment       0x000000000000007b       0x7c Drivers/STM32G0xx_HAL_Driver/Src/stm32g0xx_hal_tim.o
 .comment       0x000000000000007b       0x7c Drivers/STM32G0xx_HAL_Driver/Src/stm32g0xx_hal_tim_ex.o
 .comment       0x000000000000007b       0x7c Drivers/STM32G0xx_HAL_Driver/Src/stm32g0xx_ll_gpio.o

.debug_frame    0x0000000000000000     0x3160
 .debug_frame   0x0000000000000000       0x6c Core/Src/comp.o
 .debug_frame   0x000000000000006c       0x70 Core/Src/dac.o
 .debug_frame   0x00000000000000dc       0x70 Core/Src/gpio.o
 .debug_frame   0x000000000000014c       0x68 Core/Src/main.o
 .debug_frame   0x00000000000001b4      0x100 Core/Src/nixie.o
 .debug_frame   0x00000000000002b4       0x70 Core/Src/rtc.o
 .debug_frame   0x0000000000000324       0x50 Core/Src/stm32g0xx_hal_msp.o
 .debug_frame   0x0000000000000374       0xf0 Core/Src/stm32g0xx_it.o
 .debug_frame   0x0000000000000464       0x4c Core/Src/system_stm32g0xx.o
 .debug_frame   0x00000000000004b0       0xe8 Core/Src/tim.o
 .debug_frame   0x0000000000000598      0x3dc Drivers/STM32G0xx_HAL_Driver/Src/stm32g0xx_hal.o
 .debug_frame   0x0000000000000974      0x310 Drivers/STM32G0xx_HAL_Driver/Src/stm32g0xx_hal_comp.o
 .debug_frame   0x0000000000000c84      0x2fc Drivers/STM32G0xx_HAL_Driver/Src/stm32g0xx_hal_cortex.o
 .debug_frame   0x0000000000000f80      0x2b0 Drivers/STM32G0xx_HAL_Driver/Src/stm32g0xx_hal_dac.o
 .debug_frame   0x0000000000001230      0x130 Drivers/STM32G0xx_HAL_Driver/Src/stm32g0xx_hal_gpio.o
 .debug_frame   0x0000000000001360      0x280 Drivers/STM32G0xx_HAL_Driver/Src/stm32g0xx_hal_pwr_ex.o
 .debug_frame   0x00000000000015e0      0x1f4 Drivers/STM32G0xx_HAL_Driver/Src/stm32g0xx_hal_rcc.o
 .debug_frame   0x00000000000017d4       0xb0 Drivers/STM32G0xx_HAL_Driver/Src/stm32g0xx_hal_rcc_ex.o
 .debug_frame   0x0000000000001884      0x2c0 Drivers/STM32G0xx_HAL_Driver/Src/stm32g0xx_hal_rtc.o
 .debug_frame   0x0000000000001b44      0xe90 Drivers/STM32G0xx_HAL_Driver/Src/stm32g0xx_hal_tim.o
 .debug_frame   0x00000000000029d4      0x5b0 Drivers/STM32G0xx_HAL_Driver/Src/stm32g0xx_hal_tim_ex.o
 .debug_frame   0x0000000000002f84      0x170 Drivers/STM32G0xx_HAL_Driver/Src/stm32g0xx_ll_gpio.o
 .debug_frame   0x00000000000030f4       0x2c c:/st/stm32cubeide_1.0.2/stm32cubeide/plugins/com.st.stm32cube.ide.mcu.externaltools.gnu-tools-for-stm32.7-2018-q2-update.win32_1.0.0.201904181610/tools/bin/../lib/gcc/arm-none-eabi/7.3.1/../../../../arm-none-eabi/lib/thumb/v6-m\libc_nano.a(lib_a-init.o)
 .debug_frame   0x0000000000003120       0x20 c:/st/stm32cubeide_1.0.2/stm32cubeide/plugins/com.st.stm32cube.ide.mcu.externaltools.gnu-tools-for-stm32.7-2018-q2-update.win32_1.0.0.201904181610/tools/bin/../lib/gcc/arm-none-eabi/7.3.1/../../../../arm-none-eabi/lib/thumb/v6-m\libc_nano.a(lib_a-memset.o)
 .debug_frame   0x0000000000003140       0x20 c:/st/stm32cubeide_1.0.2/stm32cubeide/plugins/com.st.stm32cube.ide.mcu.externaltools.gnu-tools-for-stm32.7-2018-q2-update.win32_1.0.0.201904181610/tools/bin/../lib/gcc/arm-none-eabi/7.3.1/thumb/v6-m\libgcc.a(_udivsi3.o)
