Archive member included to satisfy reference by file (symbol)

c:/st/stm32cubeide_1.0.2/stm32cubeide/plugins/com.st.stm32cube.ide.mcu.externaltools.gnu-tools-for-stm32.7-2018-q2-update.win32_1.0.0.201904181610/tools/bin/../lib/gcc/arm-none-eabi/7.3.1/../../../../arm-none-eabi/lib/thumb/v6-m\libc_nano.a(lib_a-errno.o)
                              Core/Src/syscalls.o (__errno)
c:/st/stm32cubeide_1.0.2/stm32cubeide/plugins/com.st.stm32cube.ide.mcu.externaltools.gnu-tools-for-stm32.7-2018-q2-update.win32_1.0.0.201904181610/tools/bin/../lib/gcc/arm-none-eabi/7.3.1/../../../../arm-none-eabi/lib/thumb/v6-m\libc_nano.a(lib_a-exit.o)
                              c:/st/stm32cubeide_1.0.2/stm32cubeide/plugins/com.st.stm32cube.ide.mcu.externaltools.gnu-tools-for-stm32.7-2018-q2-update.win32_1.0.0.201904181610/tools/bin/../lib/gcc/arm-none-eabi/7.3.1/../../../../arm-none-eabi/lib/thumb/v6-m/crt0.o (exit)
c:/st/stm32cubeide_1.0.2/stm32cubeide/plugins/com.st.stm32cube.ide.mcu.externaltools.gnu-tools-for-stm32.7-2018-q2-update.win32_1.0.0.201904181610/tools/bin/../lib/gcc/arm-none-eabi/7.3.1/../../../../arm-none-eabi/lib/thumb/v6-m\libc_nano.a(lib_a-impure.o)
                              c:/st/stm32cubeide_1.0.2/stm32cubeide/plugins/com.st.stm32cube.ide.mcu.externaltools.gnu-tools-for-stm32.7-2018-q2-update.win32_1.0.0.201904181610/tools/bin/../lib/gcc/arm-none-eabi/7.3.1/../../../../arm-none-eabi/lib/thumb/v6-m\libc_nano.a(lib_a-exit.o) (_global_impure_ptr)
c:/st/stm32cubeide_1.0.2/stm32cubeide/plugins/com.st.stm32cube.ide.mcu.externaltools.gnu-tools-for-stm32.7-2018-q2-update.win32_1.0.0.201904181610/tools/bin/../lib/gcc/arm-none-eabi/7.3.1/../../../../arm-none-eabi/lib/thumb/v6-m\libc_nano.a(lib_a-init.o)
                              c:/st/stm32cubeide_1.0.2/stm32cubeide/plugins/com.st.stm32cube.ide.mcu.externaltools.gnu-tools-for-stm32.7-2018-q2-update.win32_1.0.0.201904181610/tools/bin/../lib/gcc/arm-none-eabi/7.3.1/../../../../arm-none-eabi/lib/thumb/v6-m/crt0.o (__libc_init_array)
c:/st/stm32cubeide_1.0.2/stm32cubeide/plugins/com.st.stm32cube.ide.mcu.externaltools.gnu-tools-for-stm32.7-2018-q2-update.win32_1.0.0.201904181610/tools/bin/../lib/gcc/arm-none-eabi/7.3.1/../../../../arm-none-eabi/lib/thumb/v6-m\libc_nano.a(lib_a-memset.o)
                              c:/st/stm32cubeide_1.0.2/stm32cubeide/plugins/com.st.stm32cube.ide.mcu.externaltools.gnu-tools-for-stm32.7-2018-q2-update.win32_1.0.0.201904181610/tools/bin/../lib/gcc/arm-none-eabi/7.3.1/../../../../arm-none-eabi/lib/thumb/v6-m/crt0.o (memset)
c:/st/stm32cubeide_1.0.2/stm32cubeide/plugins/com.st.stm32cube.ide.mcu.externaltools.gnu-tools-for-stm32.7-2018-q2-update.win32_1.0.0.201904181610/tools/bin/../lib/gcc/arm-none-eabi/7.3.1/thumb/v6-m\libgcc.a(_udivsi3.o)
                              Core/Src/nixie.o (__aeabi_uidiv)
c:/st/stm32cubeide_1.0.2/stm32cubeide/plugins/com.st.stm32cube.ide.mcu.externaltools.gnu-tools-for-stm32.7-2018-q2-update.win32_1.0.0.201904181610/tools/bin/../lib/gcc/arm-none-eabi/7.3.1/thumb/v6-m\libgcc.a(_dvmd_tls.o)
                              c:/st/stm32cubeide_1.0.2/stm32cubeide/plugins/com.st.stm32cube.ide.mcu.externaltools.gnu-tools-for-stm32.7-2018-q2-update.win32_1.0.0.201904181610/tools/bin/../lib/gcc/arm-none-eabi/7.3.1/thumb/v6-m\libgcc.a(_udivsi3.o) (__aeabi_idiv0)

Allocating common symbols
Common symbol       size              file

hdac1               0x14              Core/Src/dac.o
htim15              0x40              Core/Src/tim.o
uwTick              0x4               Drivers/STM32G0xx_HAL_Driver/Src/stm32g0xx_hal.o
hrtc                0x2c              Core/Src/rtc.o
hcomp2              0x30              Core/Src/comp.o
htim2               0x40              Core/Src/tim.o
htim14              0x40              Core/Src/tim.o

Discarded input sections

 .text          0x0000000000000000        0x0 c:/st/stm32cubeide_1.0.2/stm32cubeide/plugins/com.st.stm32cube.ide.mcu.externaltools.gnu-tools-for-stm32.7-2018-q2-update.win32_1.0.0.201904181610/tools/bin/../lib/gcc/arm-none-eabi/7.3.1/thumb/v6-m/crti.o
 .data          0x0000000000000000        0x0 c:/st/stm32cubeide_1.0.2/stm32cubeide/plugins/com.st.stm32cube.ide.mcu.externaltools.gnu-tools-for-stm32.7-2018-q2-update.win32_1.0.0.201904181610/tools/bin/../lib/gcc/arm-none-eabi/7.3.1/thumb/v6-m/crti.o
 .bss           0x0000000000000000        0x0 c:/st/stm32cubeide_1.0.2/stm32cubeide/plugins/com.st.stm32cube.ide.mcu.externaltools.gnu-tools-for-stm32.7-2018-q2-update.win32_1.0.0.201904181610/tools/bin/../lib/gcc/arm-none-eabi/7.3.1/thumb/v6-m/crti.o
 .data          0x0000000000000000        0x4 c:/st/stm32cubeide_1.0.2/stm32cubeide/plugins/com.st.stm32cube.ide.mcu.externaltools.gnu-tools-for-stm32.7-2018-q2-update.win32_1.0.0.201904181610/tools/bin/../lib/gcc/arm-none-eabi/7.3.1/thumb/v6-m/crtbegin.o
[...]
Memory Configuration

Name             Origin             Length             Attributes
RAM              0x0000000020000000 0x0000000000009000 xrw
FLASH            0x0000000008000000 0x0000000000020000 xr
*default*        0x0000000000000000 0xffffffffffffffff

Linker script and memory map

LOAD c:/st/stm32cubeide_1.0.2/stm32cubeide/plugins/com.st.stm32cube.ide.mcu.externaltools.gnu-tools-for-stm32.7-2018-q2-update.win32_1.0.0.201904181610/tools/bin/../lib/gcc/arm-none-eabi/7.3.1/thumb/v6-m/crti.o
LOAD c:/st/stm32cubeide_1.0.2/stm32cubeide/plugins/com.st.stm32cube.ide.mcu.externaltools.gnu-tools-for-stm32.7-2018-q2-update.win32_1.0.0.201904181610/tools/bin/../lib/gcc/arm-none-eabi/7.3.1/thumb/v6-m/crtbegin.o
LOAD c:/st/stm32cubeide_1.0.2/stm32cubeide/plugins/com.st.stm32cube.ide.mcu.externaltools.gnu-tools-for-stm32.7-2018-q2-update.win32_1.0.0.201904181610/tools/bin/../lib/gcc/arm-none-eabi/7.3.1/../../../../arm-none-eabi/lib/thumb/v6-m/crt0.o
LOAD Core/Src/comp.o
LOAD Core/Src/dac.o
LOAD Core/Src/gpio.o
LOAD Core/Src/main.o
LOAD Core/Src/nixie.o
LOAD Core/Src/rtc.o
LOAD Core/Src/stm32g0xx_hal_msp.o
LOAD Core/Src/stm32g0xx_it.o
LOAD Core/Src/sys.o
LOAD Core/Src/syscalls.o
LOAD Core/Src/sysmem.o
LOAD Core/Src/system_stm32g0xx.o
LOAD Core/Src/tim.o
LOAD Core/Startup/startup_stm32g071cbux.o
LOAD Drivers/STM32G0xx_HAL_Driver/Src/stm32g0xx_hal.o
LOAD Drivers/STM32G0xx_HAL_Driver/Src/stm32g0xx_hal_comp.o
LOAD Drivers/STM32G0xx_HAL_Driver/Src/stm32g0xx_hal_cortex.o
LOAD Drivers/STM32G0xx_HAL_Driver/Src/stm32g0xx_hal_dac.o
LOAD Drivers/STM32G0xx_HAL_Driver/Src/stm32g0xx_hal_dac_ex.o
LOAD Drivers/STM32G0xx_HAL_Driver/Src/stm32g0xx_hal_dma.o
LOAD Drivers/STM32G0xx_HAL_Driver/Src/stm32g0xx_hal_dma_ex.o
LOAD Drivers/STM32G0xx_HAL_Driver/Src/stm32g0xx_hal_exti.o
LOAD Drivers/STM32G0xx_HAL_Driver/Src/stm32g0xx_hal_flash.o
LOAD Drivers/STM32G0xx_HAL_Driver/Src/stm32g0xx_hal_flash_ex.o
LOAD Drivers/STM32G0xx_HAL_Driver/Src/stm32g0xx_hal_gpio.o
LOAD Drivers/STM32G0xx_HAL_Driver/Src/stm32g0xx_hal_pwr.o
LOAD Drivers/STM32G0xx_HAL_Driver/Src/stm32g0xx_hal_pwr_ex.o
LOAD Drivers/STM32G0xx_HAL_Driver/Src/stm32g0xx_hal_rcc.o
LOAD Drivers/STM32G0xx_HAL_Driver/Src/stm32g0xx_hal_rcc_ex.o
LOAD Drivers/STM32G0xx_HAL_Driver/Src/stm32g0xx_hal_rtc.o
LOAD Drivers/STM32G0xx_HAL_Driver/Src/stm32g0xx_hal_rtc_ex.o
LOAD Drivers/STM32G0xx_HAL_Driver/Src/stm32g0xx_hal_tim.o
LOAD Drivers/STM32G0xx_HAL_Driver/Src/stm32g0xx_hal_tim_ex.o
LOAD Drivers/STM32G0xx_HAL_Driver/Src/stm32g0xx_ll_rcc.o
START GROUP
LOAD c:/st/stm32cubeide_1.0.2/stm32cubeide/plugins/com.st.stm32cube.ide.mcu.externaltools.gnu-tools-for-stm32.7-2018-q2-update.win32_1.0.0.201904181610/tools/bin/../lib/gcc/arm-none-eabi/7.3.1/../../../../arm-none-eabi/lib/thumb/v6-m\libc_nano.a
LOAD c:/st/stm32cubeide_1.0.2/stm32cubeide/plugins/com.st.stm32cube.ide.mcu.externaltools.gnu-tools-for-stm32.7-2018-q2-update.win32_1.0.0.201904181610/tools/bin/../lib/gcc/arm-none-eabi/7.3.1/../../../../arm-none-eabi/lib/thumb/v6-m\libm.a
END GROUP
START GROUP
LOAD c:/st/stm32cubeide_1.0.2/stm32cubeide/plugins/com.st.stm32cube.ide.mcu.externaltools.gnu-tools-for-stm32.7-2018-q2-update.win32_1.0.0.201904181610/tools/bin/../lib/gcc/arm-none-eabi/7.3.1/thumb/v6-m\libgcc.a
LOAD c:/st/stm32cubeide_1.0.2/stm32cubeide/plugins/com.st.stm32cube.ide.mcu.externaltools.gnu-tools-for-stm32.7-2018-q2-update.win32_1.0.0.201904181610/tools/bin/../lib/gcc/arm-none-eabi/7.3.1/../../../../arm-none-eabi/lib/thumb/v6-m\libc_nano.a
END GROUP
START GROUP
LOAD c:/st/stm32cubeide_1.0.2/stm32cubeide/plugins/com.st.stm32cube.ide.mcu.externaltools.gnu-tools-for-stm32.7-2018-q2-update.win32_1.0.0.201904181610/tools/bin/../lib/gcc/arm-none-eabi/7.3.1/thumb/v6-m\libgcc.a
LOAD c:/st/stm32cubeide_1.0.2/stm32cubeide/plugins/com.st.stm32cube.ide.mcu.externaltools.gnu-tools-for-stm32.7-2018-q2-update.win32_1.0.0.201904181610/tools/bin/../lib/gcc/arm-none-eabi/7.3.1/../../../../arm-none-eabi/lib/thumb/v6-m\libc_nano.a
LOAD c:/st/stm32cubeide_1.0.2/stm32cubeide/plugins/com.st.stm32cube.ide.mcu.externaltools.gnu-tools-for-stm32.7-2018-q2-update.win32_1.0.0.201904181610/tools/bin/../lib/gcc/arm-none-eabi/7.3.1/../../../../arm-none-eabi/lib/thumb/v6-m\libnosys.a
END GROUP
START GROUP
LOAD c:/st/stm32cubeide_1.0.2/stm32cubeide/plugins/com.st.stm32cube.ide.mcu.externaltools.gnu-tools-for-stm32.7-2018-q2-update.win32_1.0.0.201904181610/tools/bin/../lib/gcc/arm-none-eabi/7.3.1/thumb/v6-m\libgcc.a
LOAD c:/st/stm32cubeide_1.0.2/stm32cubeide/plugins/com.st.stm32cube.ide.mcu.externaltools.gnu-tools-for-stm32.7-2018-q2-update.win32_1.0.0.201904181610/tools/bin/../lib/gcc/arm-none-eabi/7.3.1/../../../../arm-none-eabi/lib/thumb/v6-m\libc_nano.a
LOAD c:/st/stm32cubeide_1.0.2/stm32cubeide/plugins/com.st.stm32cube.ide.mcu.externaltools.gnu-tools-for-stm32.7-2018-q2-update.win32_1.0.0.201904181610/tools/bin/../lib/gcc/arm-none-eabi/7.3.1/../../../../arm-none-eabi/lib/thumb/v6-m\libnosys.a
END GROUP
LOAD c:/st/stm32cubeide_1.0.2/stm32cubeide/plugins/com.st.stm32cube.ide.mcu.externaltools.gnu-tools-for-stm32.7-2018-q2-update.win32_1.0.0.201904181610/tools/bin/../lib/gcc/arm-none-eabi/7.3.1/thumb/v6-m/crtend.o
LOAD c:/st/stm32cubeide_1.0.2/stm32cubeide/plugins/com.st.stm32cube.ide.mcu.externaltools.gnu-tools-for-stm32.7-2018-q2-update.win32_1.0.0.201904181610/tools/bin/../lib/gcc/arm-none-eabi/7.3.1/thumb/v6-m/crtn.o
                0x0000000020009000                _estack = (ORIGIN (RAM) + LENGTH (RAM))
                0x0000000000000200                _Min_Heap_Size = 0x200
                0x0000000000000400                _Min_Stack_Size = 0x400

.isr_vector     0x0000000008000000       0xbc
                0x0000000008000000                . = ALIGN (0x4)
 *(.isr_vector)
 .isr_vector    0x0000000008000000       0xbc Core/Startup/startup_stm32g071cbux.o
                0x0000000008000000                g_pfnVectors
                0x00000000080000bc                . = ALIGN (0x4)

.text           0x00000000080000bc     0x4390
                0x00000000080000bc                . = ALIGN (0x4)
 *(.text)
 .text          0x00000000080000bc       0x48 c:/st/stm32cubeide_1.0.2/stm32cubeide/plugins/com.st.stm32cube.ide.mcu.externaltools.gnu-tools-for-stm32.7-2018-q2-update.win32_1.0.0.201904181610/tools/bin/../lib/gcc/arm-none-eabi/7.3.1/thumb/v6-m/crtbegin.o
 .text          0x0000000008000104      0x114 c:/st/stm32cubeide_1.0.2/stm32cubeide/plugins/com.st.stm32cube.ide.mcu.externaltools.gnu-tools-for-stm32.7-2018-q2-update.win32_1.0.0.201904181610/tools/bin/../lib/gcc/arm-none-eabi/7.3.1/thumb/v6-m\libgcc.a(_udivsi3.o)
                0x0000000008000104                __aeabi_uidiv
                0x0000000008000104                __udivsi3
                0x0000000008000210                __aeabi_uidivmod
 .text          0x0000000008000218        0x4 c:/st/stm32cubeide_1.0.2/stm32cubeide/plugins/com.st.stm32cube.ide.mcu.externaltools.gnu-tools-for-stm32.7-2018-q2-update.win32_1.0.0.201904181610/tools/bin/../lib/gcc/arm-none-eabi/7.3.1/thumb/v6-m\libgcc.a(_dvmd_tls.o)
                0x0000000008000218                __aeabi_idiv0
                0x0000000008000218                __aeabi_ldiv0
 *(.text*)
 .text.MX_COMP2_Init
                0x000000000800021c       0x64 Core/Src/comp.o
                0x000000000800021c                MX_COMP2_Init
 .text.HAL_COMP_MspInit
                0x0000000008000280       0x6c Core/Src/comp.o
                0x0000000008000280                HAL_COMP_MspInit
 .text.MX_DAC1_Init
                0x00000000080002ec       0x6c Core/Src/dac.o
                0x00000000080002ec                MX_DAC1_Init
 .text.HAL_DAC_MspInit
                0x0000000008000358       0x40 Core/Src/dac.o
                0x0000000008000358                HAL_DAC_MspInit
 .text.MX_GPIO_Init
                0x0000000008000398      0x1a8 Core/Src/gpio.o
                0x0000000008000398                MX_GPIO_Init
 .text.main     0x0000000008000540       0x32 Core/Src/main.o
                0x0000000008000540                main
 *fill*         0x0000000008000572        0x2 
 .text.SystemClock_Config
                0x0000000008000574      0x10c Core/Src/main.o
                0x0000000008000574                SystemClock_Config
 .text.Error_Handler
                0x0000000008000680        0xa Core/Src/main.o
                0x0000000008000680                Error_Handler
 *fill*         0x000000000800068a        0x2 
 .text.HAL_TIM_PeriodElapsedCallback
                0x000000000800068c       0x5c Core/Src/nixie.o
                0x000000000800068c                HAL_TIM_PeriodElapsedCallback
 .text.nixie_init
                0x00000000080006e8       0x44 Core/Src/nixie.o
                0x00000000080006e8                nixie_init
 .text.boost_op
                0x000000000800072c       0x3c Core/Src/nixie.o
                0x000000000800072c                boost_op
 .text.nixie_display
                0x0000000008000768      0x10c Core/Src/nixie.o
 .text.nixie_display_reset_all
                0x0000000008000874       0xc8 Core/Src/nixie.o
 .text.nixie_display_set_anode
                0x000000000800093c       0xc8 Core/Src/nixie.o
 .text.MX_RTC_Init
                0x0000000008000a04       0xd8 Core/Src/rtc.o
                0x0000000008000a04                MX_RTC_Init
 .text.HAL_RTC_MspInit
                0x0000000008000adc       0x4c Core/Src/rtc.o
                0x0000000008000adc                HAL_RTC_MspInit
 .text.LL_SYSCFG_DisableDBATT
                0x0000000008000b28       0x20 Core/Src/stm32g0xx_hal_msp.o
 .text.HAL_MspInit
                0x0000000008000b48       0x60 Core/Src/stm32g0xx_hal_msp.o
                0x0000000008000b48                HAL_MspInit
 .text.NMI_Handler
                0x0000000008000ba8        0xa Core/Src/stm32g0xx_it.o
                0x0000000008000ba8                NMI_Handler
 .text.HardFault_Handler
                0x0000000008000bb2        0x6 Core/Src/stm32g0xx_it.o
                0x0000000008000bb2                HardFault_Handler
 .text.SVC_Handler
                0x0000000008000bb8        0xa Core/Src/stm32g0xx_it.o
                0x0000000008000bb8                SVC_Handler
 .text.PendSV_Handler
                0x0000000008000bc2        0xa Core/Src/stm32g0xx_it.o
                0x0000000008000bc2                PendSV_Handler
 .text.SysTick_Handler
                0x0000000008000bcc        0xe Core/Src/stm32g0xx_it.o
                0x0000000008000bcc                SysTick_Handler
 *fill*         0x0000000008000bda        0x2 
 .text.TIM14_IRQHandler
                0x0000000008000bdc       0x18 Core/Src/stm32g0xx_it.o
                0x0000000008000bdc                TIM14_IRQHandler
 .text.SystemInit
                0x0000000008000bf4       0x18 Core/Src/system_stm32g0xx.o
                0x0000000008000bf4                SystemInit
 .text.MX_TIM2_Init
                0x0000000008000c0c      0x10c Core/Src/tim.o
                0x0000000008000c0c                MX_TIM2_Init
 .text.MX_TIM14_Init
                0x0000000008000d18       0x4c Core/Src/tim.o
                0x0000000008000d18                MX_TIM14_Init
 .text.MX_TIM15_Init
                0x0000000008000d64      0x16c Core/Src/tim.o
                0x0000000008000d64                MX_TIM15_Init
 .text.HAL_TIM_Base_MspInit
                0x0000000008000ed0       0xa0 Core/Src/tim.o
                0x0000000008000ed0                HAL_TIM_Base_MspInit
 .text.HAL_TIM_MspPostInit
                0x0000000008000f70       0xd0 Core/Src/tim.o
                0x0000000008000f70                HAL_TIM_MspPostInit
 .text.Reset_Handler
                0x0000000008001040       0x50 Core/Startup/startup_stm32g071cbux.o
                0x0000000008001040                Reset_Handler
 .text.Default_Handler
                0x0000000008001090        0x2 Core/Startup/startup_stm32g071cbux.o
                0x0000000008001090                USART3_4_LPUART1_IRQHandler
                0x0000000008001090                TIM1_CC_IRQHandler
                0x0000000008001090                ADC1_COMP_IRQHandler
                0x0000000008001090                PVD_IRQHandler
                0x0000000008001090                I2C1_IRQHandler
                0x0000000008001090                TIM7_LPTIM2_IRQHandler
                0x0000000008001090                RTC_TAMP_IRQHandler
                0x0000000008001090                SPI1_IRQHandler
                0x0000000008001090                EXTI2_3_IRQHandler
                0x0000000008001090                I2C2_IRQHandler
                0x0000000008001090                TIM17_IRQHandler
                0x0000000008001090                TIM16_IRQHandler
                0x0000000008001090                TIM3_IRQHandler
                0x0000000008001090                EXTI4_15_IRQHandler
                0x0000000008001090                RCC_IRQHandler
                0x0000000008001090                DMA1_Channel1_IRQHandler
                0x0000000008001090                Default_Handler
                0x0000000008001090                CEC_IRQHandler
                0x0000000008001090                TIM15_IRQHandler
                0x0000000008001090                EXTI0_1_IRQHandler
                0x0000000008001090                SPI2_IRQHandler
                0x0000000008001090                TIM6_DAC_LPTIM1_IRQHandler
                0x0000000008001090                WWDG_IRQHandler
                0x0000000008001090                TIM2_IRQHandler
                0x0000000008001090                DMA1_Ch4_7_DMAMUX1_OVR_IRQHandler
                0x0000000008001090                DMA1_Channel2_3_IRQHandler
                0x0000000008001090                UCPD1_2_IRQHandler
                0x0000000008001090                USART2_IRQHandler
                0x0000000008001090                FLASH_IRQHandler
                0x0000000008001090                USART1_IRQHandler
                0x0000000008001090                TIM1_BRK_UP_TRG_COM_IRQHandler
 *fill*         0x0000000008001092        0x2 
 .text.HAL_Init
                0x0000000008001094       0x40 Drivers/STM32G0xx_HAL_Driver/Src/stm32g0xx_hal.o
                0x0000000008001094                HAL_Init
 .text.HAL_InitTick
                0x00000000080010d4       0x94 Drivers/STM32G0xx_HAL_Driver/Src/stm32g0xx_hal.o
                0x00000000080010d4                HAL_InitTick
 .text.HAL_IncTick
                0x0000000008001168       0x20 Drivers/STM32G0xx_HAL_Driver/Src/stm32g0xx_hal.o
                0x0000000008001168                HAL_IncTick
 .text.HAL_GetTick
                0x0000000008001188       0x14 Drivers/STM32G0xx_HAL_Driver/Src/stm32g0xx_hal.o
                0x0000000008001188                HAL_GetTick
 .text.HAL_Delay
                0x000000000800119c       0x44 Drivers/STM32G0xx_HAL_Driver/Src/stm32g0xx_hal.o
                0x000000000800119c                HAL_Delay
 .text.HAL_SYSCFG_VREFBUF_VoltageScalingConfig
                0x00000000080011e0       0x28 Drivers/STM32G0xx_HAL_Driver/Src/stm32g0xx_hal.o
                0x00000000080011e0                HAL_SYSCFG_VREFBUF_VoltageScalingConfig
 .text.HAL_SYSCFG_VREFBUF_HighImpedanceConfig
                0x0000000008001208       0x28 Drivers/STM32G0xx_HAL_Driver/Src/stm32g0xx_hal.o
                0x0000000008001208                HAL_SYSCFG_VREFBUF_HighImpedanceConfig
 .text.HAL_SYSCFG_EnableVREFBUF
                0x0000000008001230       0x48 Drivers/STM32G0xx_HAL_Driver/Src/stm32g0xx_hal.o
                0x0000000008001230                HAL_SYSCFG_EnableVREFBUF
 .text.LL_EXTI_EnableIT_0_31
                0x0000000008001278       0x24 Drivers/STM32G0xx_HAL_Driver/Src/stm32g0xx_hal_comp.o
 .text.LL_EXTI_DisableIT_0_31
                0x000000000800129c       0x28 Drivers/STM32G0xx_HAL_Driver/Src/stm32g0xx_hal_comp.o
 .text.LL_EXTI_EnableEvent_0_31
                0x00000000080012c4       0x24 Drivers/STM32G0xx_HAL_Driver/Src/stm32g0xx_hal_comp.o
 .text.LL_EXTI_DisableEvent_0_31
                0x00000000080012e8       0x28 Drivers/STM32G0xx_HAL_Driver/Src/stm32g0xx_hal_comp.o
 .text.LL_EXTI_EnableRisingTrig_0_31
                0x0000000008001310       0x20 Drivers/STM32G0xx_HAL_Driver/Src/stm32g0xx_hal_comp.o
 .text.LL_EXTI_DisableRisingTrig_0_31
                0x0000000008001330       0x24 Drivers/STM32G0xx_HAL_Driver/Src/stm32g0xx_hal_comp.o
 .text.LL_EXTI_EnableFallingTrig_0_31
                0x0000000008001354       0x20 Drivers/STM32G0xx_HAL_Driver/Src/stm32g0xx_hal_comp.o
 .text.LL_EXTI_DisableFallingTrig_0_31
                0x0000000008001374       0x24 Drivers/STM32G0xx_HAL_Driver/Src/stm32g0xx_hal_comp.o
 .text.LL_EXTI_ClearFallingFlag_0_31
                0x0000000008001398       0x1c Drivers/STM32G0xx_HAL_Driver/Src/stm32g0xx_hal_comp.o
 .text.LL_EXTI_ClearRisingFlag_0_31
                0x00000000080013b4       0x1c Drivers/STM32G0xx_HAL_Driver/Src/stm32g0xx_hal_comp.o
 .text.HAL_COMP_Init
                0x00000000080013d0      0x2c0 Drivers/STM32G0xx_HAL_Driver/Src/stm32g0xx_hal_comp.o
                0x00000000080013d0                HAL_COMP_Init
 .text.HAL_COMP_GetOutputLevel
                0x0000000008001690       0x1c Drivers/STM32G0xx_HAL_Driver/Src/stm32g0xx_hal_comp.o
                0x0000000008001690                HAL_COMP_GetOutputLevel
 .text.__NVIC_EnableIRQ
                0x00000000080016ac       0x34 Drivers/STM32G0xx_HAL_Driver/Src/stm32g0xx_hal_cortex.o
 .text.__NVIC_SetPriority
                0x00000000080016e0       0xdc Drivers/STM32G0xx_HAL_Driver/Src/stm32g0xx_hal_cortex.o
 .text.SysTick_Config
                0x00000000080017bc       0x48 Drivers/STM32G0xx_HAL_Driver/Src/stm32g0xx_hal_cortex.o
 .text.HAL_NVIC_SetPriority
                0x0000000008001804       0x2a Drivers/STM32G0xx_HAL_Driver/Src/stm32g0xx_hal_cortex.o
                0x0000000008001804                HAL_NVIC_SetPriority
 .text.HAL_NVIC_EnableIRQ
                0x000000000800182e       0x20 Drivers/STM32G0xx_HAL_Driver/Src/stm32g0xx_hal_cortex.o
                0x000000000800182e                HAL_NVIC_EnableIRQ
 .text.HAL_SYSTICK_Config
                0x000000000800184e       0x1a Drivers/STM32G0xx_HAL_Driver/Src/stm32g0xx_hal_cortex.o
                0x000000000800184e                HAL_SYSTICK_Config
 .text.HAL_DAC_Init
                0x0000000008001868       0x46 Drivers/STM32G0xx_HAL_Driver/Src/stm32g0xx_hal_dac.o
                0x0000000008001868                HAL_DAC_Init
 .text.HAL_DAC_Start
                0x00000000080018ae       0x9e Drivers/STM32G0xx_HAL_Driver/Src/stm32g0xx_hal_dac.o
                0x00000000080018ae                HAL_DAC_Start
 .text.HAL_DAC_SetValue
                0x000000000800194c       0x44 Drivers/STM32G0xx_HAL_Driver/Src/stm32g0xx_hal_dac.o
                0x000000000800194c                HAL_DAC_SetValue
 .text.HAL_DAC_ConfigChannel
                0x0000000008001990      0x23c Drivers/STM32G0xx_HAL_Driver/Src/stm32g0xx_hal_dac.o
                0x0000000008001990                HAL_DAC_ConfigChannel
 .text.HAL_GPIO_Init
                0x0000000008001bcc      0x2c8 Drivers/STM32G0xx_HAL_Driver/Src/stm32g0xx_hal_gpio.o
                0x0000000008001bcc                HAL_GPIO_Init
 .text.HAL_GPIO_WritePin
                0x0000000008001e94       0x3a Drivers/STM32G0xx_HAL_Driver/Src/stm32g0xx_hal_gpio.o
                0x0000000008001e94                HAL_GPIO_WritePin
 *fill*         0x0000000008001ece        0x2 
 .text.HAL_PWREx_ControlVoltageScaling
                0x0000000008001ed0       0x80 Drivers/STM32G0xx_HAL_Driver/Src/stm32g0xx_hal_pwr_ex.o
                0x0000000008001ed0                HAL_PWREx_ControlVoltageScaling
 .text.HAL_RCC_OscConfig
                0x0000000008001f50      0x640 Drivers/STM32G0xx_HAL_Driver/Src/stm32g0xx_hal_rcc.o
                0x0000000008001f50                HAL_RCC_OscConfig
 .text.HAL_RCC_ClockConfig
                0x0000000008002590      0x210 Drivers/STM32G0xx_HAL_Driver/Src/stm32g0xx_hal_rcc.o
                0x0000000008002590                HAL_RCC_ClockConfig
 .text.HAL_RCC_GetSysClockFreq
                0x00000000080027a0      0x104 Drivers/STM32G0xx_HAL_Driver/Src/stm32g0xx_hal_rcc.o
                0x00000000080027a0                HAL_RCC_GetSysClockFreq
 .text.HAL_RCCEx_PeriphCLKConfig
                0x00000000080028a4      0x370 Drivers/STM32G0xx_HAL_Driver/Src/stm32g0xx_hal_rcc_ex.o
                0x00000000080028a4                HAL_RCCEx_PeriphCLKConfig
 .text.HAL_RTC_Init
                0x0000000008002c14      0x12c Drivers/STM32G0xx_HAL_Driver/Src/stm32g0xx_hal_rtc.o
                0x0000000008002c14                HAL_RTC_Init
 .text.HAL_RTC_SetTime
                0x0000000008002d40      0x150 Drivers/STM32G0xx_HAL_Driver/Src/stm32g0xx_hal_rtc.o
                0x0000000008002d40                HAL_RTC_SetTime
 .text.HAL_RTC_SetDate
                0x0000000008002e90      0x124 Drivers/STM32G0xx_HAL_Driver/Src/stm32g0xx_hal_rtc.o
                0x0000000008002e90                HAL_RTC_SetDate
 .text.HAL_RTC_WaitForSynchro
                0x0000000008002fb4       0x4e Drivers/STM32G0xx_HAL_Driver/Src/stm32g0xx_hal_rtc.o
                0x0000000008002fb4                HAL_RTC_WaitForSynchro
 .text.RTC_EnterInitMode
                0x0000000008003002       0x86 Drivers/STM32G0xx_HAL_Driver/Src/stm32g0xx_hal_rtc.o
                0x0000000008003002                RTC_EnterInitMode
 .text.RTC_ExitInitMode
                0x0000000008003088       0x8c Drivers/STM32G0xx_HAL_Driver/Src/stm32g0xx_hal_rtc.o
                0x0000000008003088                RTC_ExitInitMode
 .text.RTC_ByteToBcd2
                0x0000000008003114       0x52 Drivers/STM32G0xx_HAL_Driver/Src/stm32g0xx_hal_rtc.o
                0x0000000008003114                RTC_ByteToBcd2
 .text.HAL_TIM_Base_Init
                0x0000000008003166       0x58 Drivers/STM32G0xx_HAL_Driver/Src/stm32g0xx_hal_tim.o
                0x0000000008003166                HAL_TIM_Base_Init
 *fill*         0x00000000080031be        0x2 
 .text.HAL_TIM_Base_Start_IT
                0x00000000080031c0       0x54 Drivers/STM32G0xx_HAL_Driver/Src/stm32g0xx_hal_tim.o
                0x00000000080031c0                HAL_TIM_Base_Start_IT
 .text.HAL_TIM_PWM_Init
                0x0000000008003214       0x58 Drivers/STM32G0xx_HAL_Driver/Src/stm32g0xx_hal_tim.o
                0x0000000008003214                HAL_TIM_PWM_Init
 .text.HAL_TIM_PWM_MspInit
                0x000000000800326c       0x10 Drivers/STM32G0xx_HAL_Driver/Src/stm32g0xx_hal_tim.o
                0x000000000800326c                HAL_TIM_PWM_MspInit
 .text.HAL_TIM_OnePulse_Init
                0x000000000800327c       0x7a Drivers/STM32G0xx_HAL_Driver/Src/stm32g0xx_hal_tim.o
                0x000000000800327c                HAL_TIM_OnePulse_Init
 .text.HAL_TIM_OnePulse_MspInit
                0x00000000080032f6       0x10 Drivers/STM32G0xx_HAL_Driver/Src/stm32g0xx_hal_tim.o
                0x00000000080032f6                HAL_TIM_OnePulse_MspInit
 *fill*         0x0000000008003306        0x2 
 .text.HAL_TIM_OnePulse_Start
                0x0000000008003308       0x84 Drivers/STM32G0xx_HAL_Driver/Src/stm32g0xx_hal_tim.o
                0x0000000008003308                HAL_TIM_OnePulse_Start
 .text.HAL_TIM_IRQHandler
                0x000000000800338c      0x264 Drivers/STM32G0xx_HAL_Driver/Src/stm32g0xx_hal_tim.o
                0x000000000800338c                HAL_TIM_IRQHandler
 .text.HAL_TIM_PWM_ConfigChannel
                0x00000000080035f0      0x1fc Drivers/STM32G0xx_HAL_Driver/Src/stm32g0xx_hal_tim.o
                0x00000000080035f0                HAL_TIM_PWM_ConfigChannel
 .text.HAL_TIM_ConfigClockSource
                0x00000000080037ec      0x180 Drivers/STM32G0xx_HAL_Driver/Src/stm32g0xx_hal_tim.o
                0x00000000080037ec                HAL_TIM_ConfigClockSource
 .text.HAL_TIM_OC_DelayElapsedCallback
                0x000000000800396c       0x10 Drivers/STM32G0xx_HAL_Driver/Src/stm32g0xx_hal_tim.o
                0x000000000800396c                HAL_TIM_OC_DelayElapsedCallback
 .text.HAL_TIM_IC_CaptureCallback
                0x000000000800397c       0x10 Drivers/STM32G0xx_HAL_Driver/Src/stm32g0xx_hal_tim.o
                0x000000000800397c                HAL_TIM_IC_CaptureCallback
 .text.HAL_TIM_PWM_PulseFinishedCallback
                0x000000000800398c       0x10 Drivers/STM32G0xx_HAL_Driver/Src/stm32g0xx_hal_tim.o
                0x000000000800398c                HAL_TIM_PWM_PulseFinishedCallback
 .text.HAL_TIM_TriggerCallback
                0x000000000800399c       0x10 Drivers/STM32G0xx_HAL_Driver/Src/stm32g0xx_hal_tim.o
                0x000000000800399c                HAL_TIM_TriggerCallback
 .text.TIM_Base_SetConfig
                0x00000000080039ac      0x100 Drivers/STM32G0xx_HAL_Driver/Src/stm32g0xx_hal_tim.o
                0x00000000080039ac                TIM_Base_SetConfig
 .text.TIM_OC1_SetConfig
                0x0000000008003aac      0x114 Drivers/STM32G0xx_HAL_Driver/Src/stm32g0xx_hal_tim.o
 .text.TIM_OC2_SetConfig
                0x0000000008003bc0      0x108 Drivers/STM32G0xx_HAL_Driver/Src/stm32g0xx_hal_tim.o
                0x0000000008003bc0                TIM_OC2_SetConfig
 .text.TIM_OC3_SetConfig
                0x0000000008003cc8      0x110 Drivers/STM32G0xx_HAL_Driver/Src/stm32g0xx_hal_tim.o
 .text.TIM_OC4_SetConfig
                0x0000000008003dd8       0xd4 Drivers/STM32G0xx_HAL_Driver/Src/stm32g0xx_hal_tim.o
 .text.TIM_OC5_SetConfig
                0x0000000008003eac       0xc0 Drivers/STM32G0xx_HAL_Driver/Src/stm32g0xx_hal_tim.o
 .text.TIM_OC6_SetConfig
                0x0000000008003f6c       0xc8 Drivers/STM32G0xx_HAL_Driver/Src/stm32g0xx_hal_tim.o
 .text.TIM_TI1_ConfigInputStage
                0x0000000008004034       0x5c Drivers/STM32G0xx_HAL_Driver/Src/stm32g0xx_hal_tim.o
 .text.TIM_TI2_ConfigInputStage
                0x0000000008004090       0x64 Drivers/STM32G0xx_HAL_Driver/Src/stm32g0xx_hal_tim.o
 .text.TIM_ITRx_SetConfig
                0x00000000080040f4       0x38 Drivers/STM32G0xx_HAL_Driver/Src/stm32g0xx_hal_tim.o
 .text.TIM_ETR_SetConfig
                0x000000000800412c       0x40 Drivers/STM32G0xx_HAL_Driver/Src/stm32g0xx_hal_tim.o
                0x000000000800412c                TIM_ETR_SetConfig
 .text.TIM_CCxChannelCmd
                0x000000000800416c       0x46 Drivers/STM32G0xx_HAL_Driver/Src/stm32g0xx_hal_tim.o
                0x000000000800416c                TIM_CCxChannelCmd
 *fill*         0x00000000080041b2        0x2 
 .text.HAL_TIMEx_MasterConfigSynchronization
                0x00000000080041b4       0xac Drivers/STM32G0xx_HAL_Driver/Src/stm32g0xx_hal_tim_ex.o
                0x00000000080041b4                HAL_TIMEx_MasterConfigSynchronization
 .text.HAL_TIMEx_ConfigBreakDeadTime
                0x0000000008004260      0x14c Drivers/STM32G0xx_HAL_Driver/Src/stm32g0xx_hal_tim_ex.o
                0x0000000008004260                HAL_TIMEx_ConfigBreakDeadTime
 .text.HAL_TIMEx_CommutCallback
                0x00000000080043ac       0x10 Drivers/STM32G0xx_HAL_Driver/Src/stm32g0xx_hal_tim_ex.o
                0x00000000080043ac                HAL_TIMEx_CommutCallback
 .text.HAL_TIMEx_BreakCallback
                0x00000000080043bc       0x10 Drivers/STM32G0xx_HAL_Driver/Src/stm32g0xx_hal_tim_ex.o
                0x00000000080043bc                HAL_TIMEx_BreakCallback
 .text.HAL_TIMEx_Break2Callback
                0x00000000080043cc       0x10 Drivers/STM32G0xx_HAL_Driver/Src/stm32g0xx_hal_tim_ex.o
                0x00000000080043cc                HAL_TIMEx_Break2Callback
 .text.__libc_init_array
                0x00000000080043dc       0x48 c:/st/stm32cubeide_1.0.2/stm32cubeide/plugins/com.st.stm32cube.ide.mcu.externaltools.gnu-tools-for-stm32.7-2018-q2-update.win32_1.0.0.201904181610/tools/bin/../lib/gcc/arm-none-eabi/7.3.1/../../../../arm-none-eabi/lib/thumb/v6-m\libc_nano.a(lib_a-init.o)
                0x00000000080043dc                __libc_init_array
 .text.memset   0x0000000008004424       0x10 c:/st/stm32cubeide_1.0.2/stm32cubeide/plugins/com.st.stm32cube.ide.mcu.externaltools.gnu-tools-for-stm32.7-2018-q2-update.win32_1.0.0.201904181610/tools/bin/../lib/gcc/arm-none-eabi/7.3.1/../../../../arm-none-eabi/lib/thumb/v6-m\libc_nano.a(lib_a-memset.o)
                0x0000000008004424                memset
 *(.glue_7)
 .glue_7        0x0000000008004434        0x0 linker stubs
 *(.glue_7t)
 .glue_7t       0x0000000008004434        0x0 linker stubs
 *(.eh_frame)
 .eh_frame      0x0000000008004434        0x0 c:/st/stm32cubeide_1.0.2/stm32cubeide/plugins/com.st.stm32cube.ide.mcu.externaltools.gnu-tools-for-stm32.7-2018-q2-update.win32_1.0.0.201904181610/tools/bin/../lib/gcc/arm-none-eabi/7.3.1/thumb/v6-m/crtbegin.o
 *(.init)
 .init          0x0000000008004434        0x4 c:/st/stm32cubeide_1.0.2/stm32cubeide/plugins/com.st.stm32cube.ide.mcu.externaltools.gnu-tools-for-stm32.7-2018-q2-update.win32_1.0.0.201904181610/tools/bin/../lib/gcc/arm-none-eabi/7.3.1/thumb/v6-m/crti.o
                0x0000000008004434                _init
 .init          0x0000000008004438        0x8 c:/st/stm32cubeide_1.0.2/stm32cubeide/plugins/com.st.stm32cube.ide.mcu.externaltools.gnu-tools-for-stm32.7-2018-q2-update.win32_1.0.0.201904181610/tools/bin/../lib/gcc/arm-none-eabi/7.3.1/thumb/v6-m/crtn.o
 *(.fini)
 .fini          0x0000000008004440        0x4 c:/st/stm32cubeide_1.0.2/stm32cubeide/plugins/com.st.stm32cube.ide.mcu.externaltools.gnu-tools-for-stm32.7-2018-q2-update.win32_1.0.0.201904181610/tools/bin/../lib/gcc/arm-none-eabi/7.3.1/thumb/v6-m/crti.o
                0x0000000008004440                _fini
 .fini          0x0000000008004444        0x8 c:/st/stm32cubeide_1.0.2/stm32cubeide/plugins/com.st.stm32cube.ide.mcu.externaltools.gnu-tools-for-stm32.7-2018-q2-update.win32_1.0.0.201904181610/tools/bin/../lib/gcc/arm-none-eabi/7.3.1/thumb/v6-m/crtn.o
                0x000000000800444c                . = ALIGN (0x4)
                0x000000000800444c                _etext = .

.vfp11_veneer   0x000000000800444c        0x0
 .vfp11_veneer  0x000000000800444c        0x0 linker stubs

.v4_bx          0x000000000800444c        0x0
 .v4_bx         0x000000000800444c        0x0 linker stubs

.iplt           0x000000000800444c        0x0
 .iplt          0x000000000800444c        0x0 c:/st/stm32cubeide_1.0.2/stm32cubeide/plugins/com.st.stm32cube.ide.mcu.externaltools.gnu-tools-for-stm32.7-2018-q2-update.win32_1.0.0.201904181610/tools/bin/../lib/gcc/arm-none-eabi/7.3.1/thumb/v6-m/crtbegin.o

.rodata         0x000000000800444c       0xbc
                0x000000000800444c                . = ALIGN (0x4)
 *(.rodata)
 *(.rodata*)
 .rodata.nixie_display_set_anode
                0x000000000800444c       0x28 Core/Src/nixie.o
 .rodata.AHBPrescTable
                0x0000000008004474       0x40 Core/Src/system_stm32g0xx.o
                0x0000000008004474                AHBPrescTable
 .rodata.HAL_TIM_PWM_ConfigChannel
                0x00000000080044b4       0x54 Drivers/STM32G0xx_HAL_Driver/Src/stm32g0xx_hal_tim.o
                0x0000000008004508                . = ALIGN (0x4)

.rel.dyn        0x0000000008004508        0x0
 .rel.iplt      0x0000000008004508        0x0 c:/st/stm32cubeide_1.0.2/stm32cubeide/plugins/com.st.stm32cube.ide.mcu.externaltools.gnu-tools-for-stm32.7-2018-q2-update.win32_1.0.0.201904181610/tools/bin/../lib/gcc/arm-none-eabi/7.3.1/thumb/v6-m/crtbegin.o

.ARM.extab      0x0000000008004508        0x0
                0x0000000008004508                . = ALIGN (0x4)
 *(.ARM.extab* .gnu.linkonce.armextab.*)
                0x0000000008004508                . = ALIGN (0x4)

.ARM            0x0000000008004508        0x0
                0x0000000008004508                . = ALIGN (0x4)
                0x0000000008004508                __exidx_start = .
 *(.ARM.exidx*)
                0x0000000008004508                __exidx_end = .
                0x0000000008004508                . = ALIGN (0x4)

.preinit_array  0x0000000008004508        0x0
                0x0000000008004508                . = ALIGN (0x4)
                0x0000000008004508                PROVIDE (__preinit_array_start = .)
 *(.preinit_array*)
                0x0000000008004508                PROVIDE (__preinit_array_end = .)
                0x0000000008004508                . = ALIGN (0x4)

.init_array     0x0000000008004508        0x4
                0x0000000008004508                . = ALIGN (0x4)
                0x0000000008004508                PROVIDE (__init_array_start = .)
 *(SORT_BY_NAME(.init_array.*))
 *(.init_array*)
 .init_array    0x0000000008004508        0x4 c:/st/stm32cubeide_1.0.2/stm32cubeide/plugins/com.st.stm32cube.ide.mcu.externaltools.gnu-tools-for-stm32.7-2018-q2-update.win32_1.0.0.201904181610/tools/bin/../lib/gcc/arm-none-eabi/7.3.1/thumb/v6-m/crtbegin.o
                0x000000000800450c                PROVIDE (__init_array_end = .)
                0x000000000800450c                . = ALIGN (0x4)

.fini_array     0x000000000800450c        0x4
                0x000000000800450c                . = ALIGN (0x4)
                [!provide]                        PROVIDE (__fini_array_start = .)
 *(SORT_BY_NAME(.fini_array.*))
 *(.fini_array*)
 .fini_array    0x000000000800450c        0x4 c:/st/stm32cubeide_1.0.2/stm32cubeide/plugins/com.st.stm32cube.ide.mcu.externaltools.gnu-tools-for-stm32.7-2018-q2-update.win32_1.0.0.201904181610/tools/bin/../lib/gcc/arm-none-eabi/7.3.1/thumb/v6-m/crtbegin.o
                [!provide]                        PROVIDE (__fini_array_end = .)
                0x0000000008004510                . = ALIGN (0x4)
                0x0000000008004510                _sidata = LOADADDR (.data)

.data           0x0000000020000000       0x10 load address 0x0000000008004510
                0x0000000020000000                . = ALIGN (0x4)
                0x0000000020000000                _sdata = .
 *(.data)
 *(.data*)
 .data.poll_comp
                0x0000000020000000        0x1 Core/Src/nixie.o
                0x0000000020000000                poll_comp
 *fill*         0x0000000020000001        0x3 
 .data.SystemCoreClock
                0x0000000020000004        0x4 Core/Src/system_stm32g0xx.o
                0x0000000020000004                SystemCoreClock
 .data.uwTickPrio
                0x0000000020000008        0x4 Drivers/STM32G0xx_HAL_Driver/Src/stm32g0xx_hal.o
                0x0000000020000008                uwTickPrio
 .data.uwTickFreq
                0x000000002000000c        0x4 Drivers/STM32G0xx_HAL_Driver/Src/stm32g0xx_hal.o
                0x000000002000000c                uwTickFreq
                0x0000000020000010                . = ALIGN (0x4)
                0x0000000020000010                _edata = .

.igot.plt       0x0000000020000010        0x0 load address 0x0000000008004520
 .igot.plt      0x0000000020000010        0x0 c:/st/stm32cubeide_1.0.2/stm32cubeide/plugins/com.st.stm32cube.ide.mcu.externaltools.gnu-tools-for-stm32.7-2018-q2-update.win32_1.0.0.201904181610/tools/bin/../lib/gcc/arm-none-eabi/7.3.1/thumb/v6-m/crtbegin.o
                0x0000000020000010                . = ALIGN (0x4)

.bss            0x0000000020000010      0x158 load address 0x0000000008004520
                0x0000000020000010                _sbss = .
                0x0000000020000010                __bss_start__ = _sbss
 *(.bss)
 .bss           0x0000000020000010       0x1c c:/st/stm32cubeide_1.0.2/stm32cubeide/plugins/com.st.stm32cube.ide.mcu.externaltools.gnu-tools-for-stm32.7-2018-q2-update.win32_1.0.0.201904181610/tools/bin/../lib/gcc/arm-none-eabi/7.3.1/thumb/v6-m/crtbegin.o
 *(.bss*)
 .bss.dac_value
                0x000000002000002c        0x4 Core/Src/nixie.o
                0x000000002000002c                dac_value
 .bss.digit     0x0000000020000030        0x1 Core/Src/nixie.o
                0x0000000020000030                digit
 .bss.hours     0x0000000020000031        0x1 Core/Src/nixie.o
                0x0000000020000031                hours
 .bss.minutes   0x0000000020000032        0x1 Core/Src/nixie.o
                0x0000000020000032                minutes
 .bss.seconds   0x0000000020000033        0x1 Core/Src/nixie.o
                0x0000000020000033                seconds
 *(COMMON)
 COMMON         0x0000000020000034       0x30 Core/Src/comp.o
                0x0000000020000034                hcomp2
 COMMON         0x0000000020000064       0x14 Core/Src/dac.o
                0x0000000020000064                hdac1
 COMMON         0x0000000020000078       0x2c Core/Src/rtc.o
                0x0000000020000078                hrtc
 COMMON         0x00000000200000a4       0xc0 Core/Src/tim.o
                0x00000000200000a4                htim15
                0x00000000200000e4                htim2
                0x0000000020000124                htim14
 COMMON         0x0000000020000164        0x4 Drivers/STM32G0xx_HAL_Driver/Src/stm32g0xx_hal.o
                0x0000000020000164                uwTick
                0x0000000020000168                . = ALIGN (0x4)
                0x0000000020000168                _ebss = .
                0x0000000020000168                __bss_end__ = _ebss

._user_heap_stack
                0x0000000020000168      0x600 load address 0x0000000008004520
                0x0000000020000168                . = ALIGN (0x8)
                0x0000000020000168                PROVIDE (end = .)
                [!provide]                        PROVIDE (_end = .)
                0x0000000020000368                . = (. + _Min_Heap_Size)
 *fill*         0x0000000020000168      0x200 
                0x0000000020000768                . = (. + _Min_Stack_Size)
 *fill*         0x0000000020000368      0x400 
                0x0000000020000768                . = ALIGN (0x8)

/DISCARD/
 libc.a(*)
 libm.a(*)
 libgcc.a(*)

.ARM.attributes
                0x0000000000000000       0x28
 *(.ARM.attributes)
 .ARM.attributes
                0x0000000000000000       0x1e c:/st/stm32cubeide_1.0.2/stm32cubeide/plugins/com.st.stm32cube.ide.mcu.externaltools.gnu-tools-for-stm32.7-2018-q2-update.win32_1.0.0.201904181610/tools/bin/../lib/gcc/arm-none-eabi/7.3.1/thumb/v6-m/crti.o
 .ARM.attributes
                0x000000000000001e       0x2c c:/st/stm32cubeide_1.0.2/stm32cubeide/plugins/com.st.stm32cube.ide.mcu.externaltools.gnu-tools-for-stm32.7-2018-q2-update.win32_1.0.0.201904181610/tools/bin/../lib/gcc/arm-none-eabi/7.3.1/thumb/v6-m/crtbegin.o
 .ARM.attributes
                0x000000000000004a       0x32 Core/Src/comp.o
 .ARM.attributes
                0x000000000000007c       0x32 Core/Src/dac.o
 .ARM.attributes
                0x00000000000000ae       0x32 Core/Src/gpio.o
 .ARM.attributes
                0x00000000000000e0       0x32 Core/Src/main.o
 .ARM.attributes
                0x0000000000000112       0x32 Core/Src/nixie.o
 .ARM.attributes
                0x0000000000000144       0x32 Core/Src/rtc.o
 .ARM.attributes
                0x0000000000000176       0x32 Core/Src/stm32g0xx_hal_msp.o
 .ARM.attributes
                0x00000000000001a8       0x32 Core/Src/stm32g0xx_it.o
 .ARM.attributes
                0x00000000000001da       0x32 Core/Src/system_stm32g0xx.o
 .ARM.attributes
                0x000000000000020c       0x32 Core/Src/tim.o
 .ARM.attributes
                0x000000000000023e       0x21 Core/Startup/startup_stm32g071cbux.o
 .ARM.attributes
                0x000000000000025f       0x32 Drivers/STM32G0xx_HAL_Driver/Src/stm32g0xx_hal.o
 .ARM.attributes
                0x0000000000000291       0x32 Drivers/STM32G0xx_HAL_Driver/Src/stm32g0xx_hal_comp.o
 .ARM.attributes
                0x00000000000002c3       0x32 Drivers/STM32G0xx_HAL_Driver/Src/stm32g0xx_hal_cortex.o
 .ARM.attributes
                0x00000000000002f5       0x32 Drivers/STM32G0xx_HAL_Driver/Src/stm32g0xx_hal_dac.o
 .ARM.attributes
                0x0000000000000327       0x32 Drivers/STM32G0xx_HAL_Driver/Src/stm32g0xx_hal_gpio.o
 .ARM.attributes
                0x0000000000000359       0x32 Drivers/STM32G0xx_HAL_Driver/Src/stm32g0xx_hal_pwr_ex.o
 .ARM.attributes
                0x000000000000038b       0x32 Drivers/STM32G0xx_HAL_Driver/Src/stm32g0xx_hal_rcc.o
 .ARM.attributes
                0x00000000000003bd       0x32 Drivers/STM32G0xx_HAL_Driver/Src/stm32g0xx_hal_rcc_ex.o
 .ARM.attributes
                0x00000000000003ef       0x32 Drivers/STM32G0xx_HAL_Driver/Src/stm32g0xx_hal_rtc.o
 .ARM.attributes
                0x0000000000000421       0x32 Drivers/STM32G0xx_HAL_Driver/Src/stm32g0xx_hal_tim.o
 .ARM.attributes
                0x0000000000000453       0x32 Drivers/STM32G0xx_HAL_Driver/Src/stm32g0xx_hal_tim_ex.o
 .ARM.attributes
                0x0000000000000485       0x2c c:/st/stm32cubeide_1.0.2/stm32cubeide/plugins/com.st.stm32cube.ide.mcu.externaltools.gnu-tools-for-stm32.7-2018-q2-update.win32_1.0.0.201904181610/tools/bin/../lib/gcc/arm-none-eabi/7.3.1/../../../../arm-none-eabi/lib/thumb/v6-m\libc_nano.a(lib_a-init.o)
 .ARM.attributes
                0x00000000000004b1       0x2c c:/st/stm32cubeide_1.0.2/stm32cubeide/plugins/com.st.stm32cube.ide.mcu.externaltools.gnu-tools-for-stm32.7-2018-q2-update.win32_1.0.0.201904181610/tools/bin/../lib/gcc/arm-none-eabi/7.3.1/../../../../arm-none-eabi/lib/thumb/v6-m\libc_nano.a(lib_a-memset.o)
 .ARM.attributes
                0x00000000000004dd       0x1e c:/st/stm32cubeide_1.0.2/stm32cubeide/plugins/com.st.stm32cube.ide.mcu.externaltools.gnu-tools-for-stm32.7-2018-q2-update.win32_1.0.0.201904181610/tools/bin/../lib/gcc/arm-none-eabi/7.3.1/thumb/v6-m\libgcc.a(_udivsi3.o)
 .ARM.attributes
                0x00000000000004fb       0x1e c:/st/stm32cubeide_1.0.2/stm32cubeide/plugins/com.st.stm32cube.ide.mcu.externaltools.gnu-tools-for-stm32.7-2018-q2-update.win32_1.0.0.201904181610/tools/bin/../lib/gcc/arm-none-eabi/7.3.1/thumb/v6-m\libgcc.a(_dvmd_tls.o)
 .ARM.attributes
                0x0000000000000519       0x1e c:/st/stm32cubeide_1.0.2/stm32cubeide/plugins/com.st.stm32cube.ide.mcu.externaltools.gnu-tools-for-stm32.7-2018-q2-update.win32_1.0.0.201904181610/tools/bin/../lib/gcc/arm-none-eabi/7.3.1/thumb/v6-m/crtn.o
OUTPUT(nixie.elf elf32-littlearm)

.debug_info     0x0000000000000000     0xe3aa
 .debug_info    0x0000000000000000      0x5fb Core/Src/comp.o
 .debug_info    0x00000000000005fb      0x8a5 Core/Src/dac.o
 .debug_info    0x0000000000000ea0      0x4c2 Core/Src/gpio.o
 .debug_info    0x0000000000001362     0x1043 Core/Src/main.o
 .debug_info    0x00000000000023a5      0xc57 Core/Src/nixie.o
 .debug_info    0x0000000000002ffc      0x6e9 Core/Src/rtc.o
 .debug_info    0x00000000000036e5      0x3e6 Core/Src/stm32g0xx_hal_msp.o
 .debug_info    0x0000000000003acb      0x785 Core/Src/stm32g0xx_it.o
 .debug_info    0x0000000000004250      0x434 Core/Src/system_stm32g0xx.o
 .debug_info    0x0000000000004684      0xe2e Core/Src/tim.o
 .debug_info    0x00000000000054b2       0x22 Core/Startup/startup_stm32g071cbux.o
 .debug_info    0x00000000000054d4      0xa11 Drivers/STM32G0xx_HAL_Driver/Src/stm32g0xx_hal.o
 .debug_info    0x0000000000005ee5      0x8dc Drivers/STM32G0xx_HAL_Driver/Src/stm32g0xx_hal_comp.o
 .debug_info    0x00000000000067c1      0x971 Drivers/STM32G0xx_HAL_Driver/Src/stm32g0xx_hal_cortex.o
 .debug_info    0x0000000000007132      0xb69 Drivers/STM32G0xx_HAL_Driver/Src/stm32g0xx_hal_dac.o
 .debug_info    0x0000000000007c9b      0x67f Drivers/STM32G0xx_HAL_Driver/Src/stm32g0xx_hal_gpio.o
 .debug_info    0x000000000000831a      0x64f Drivers/STM32G0xx_HAL_Driver/Src/stm32g0xx_hal_pwr_ex.o
 .debug_info    0x0000000000008969      0xab0 Drivers/STM32G0xx_HAL_Driver/Src/stm32g0xx_hal_rcc.o
 .debug_info    0x0000000000009419      0x815 Drivers/STM32G0xx_HAL_Driver/Src/stm32g0xx_hal_rcc_ex.o
 .debug_info    0x0000000000009c2e      0xc96 Drivers/STM32G0xx_HAL_Driver/Src/stm32g0xx_hal_rtc.o
 .debug_info    0x000000000000a8c4     0x264d Drivers/STM32G0xx_HAL_Driver/Src/stm32g0xx_hal_tim.o
 .debug_info    0x000000000000cf11     0x1499 Drivers/STM32G0xx_HAL_Driver/Src/stm32g0xx_hal_tim_ex.o

.debug_abbrev   0x0000000000000000     0x2535
 .debug_abbrev  0x0000000000000000      0x168 Core/Src/comp.o
 .debug_abbrev  0x0000000000000168      0x18e Core/Src/dac.o
 .debug_abbrev  0x00000000000002f6      0x134 Core/Src/gpio.o
 .debug_abbrev  0x000000000000042a      0x194 Core/Src/main.o
 .debug_abbrev  0x00000000000005be      0x1de Core/Src/nixie.o
 .debug_abbrev  0x000000000000079c      0x159 Core/Src/rtc.o
 .debug_abbrev  0x00000000000008f5      0x159 Core/Src/stm32g0xx_hal_msp.o
 .debug_abbrev  0x0000000000000a4e      0x169 Core/Src/stm32g0xx_it.o
 .debug_abbrev  0x0000000000000bb7      0x147 Core/Src/system_stm32g0xx.o
 .debug_abbrev  0x0000000000000cfe      0x1cb Core/Src/tim.o
 .debug_abbrev  0x0000000000000ec9       0x12 Core/Startup/startup_stm32g071cbux.o
 .debug_abbrev  0x0000000000000edb      0x242 Drivers/STM32G0xx_HAL_Driver/Src/stm32g0xx_hal.o
 .debug_abbrev  0x000000000000111d      0x1ff Drivers/STM32G0xx_HAL_Driver/Src/stm32g0xx_hal_comp.o
 .debug_abbrev  0x000000000000131c      0x27c Drivers/STM32G0xx_HAL_Driver/Src/stm32g0xx_hal_cortex.o
 .debug_abbrev  0x0000000000001598      0x1db Drivers/STM32G0xx_HAL_Driver/Src/stm32g0xx_hal_dac.o
 .debug_abbrev  0x0000000000001773      0x1b7 Drivers/STM32G0xx_HAL_Driver/Src/stm32g0xx_hal_gpio.o
 .debug_abbrev  0x000000000000192a      0x1f6 Drivers/STM32G0xx_HAL_Driver/Src/stm32g0xx_hal_pwr_ex.o
 .debug_abbrev  0x0000000000001b20      0x211 Drivers/STM32G0xx_HAL_Driver/Src/stm32g0xx_hal_rcc.o
 .debug_abbrev  0x0000000000001d31      0x1d4 Drivers/STM32G0xx_HAL_Driver/Src/stm32g0xx_hal_rcc_ex.o
 .debug_abbrev  0x0000000000001f05      0x1c4 Drivers/STM32G0xx_HAL_Driver/Src/stm32g0xx_hal_rtc.o
 .debug_abbrev  0x00000000000020c9      0x23f Drivers/STM32G0xx_HAL_Driver/Src/stm32g0xx_hal_tim.o
 .debug_abbrev  0x0000000000002308      0x22d Drivers/STM32G0xx_HAL_Driver/Src/stm32g0xx_hal_tim_ex.o

.debug_aranges  0x0000000000000000      0xdb8
 .debug_aranges
                0x0000000000000000       0x30 Core/Src/comp.o
 .debug_aranges
                0x0000000000000030       0x30 Core/Src/dac.o
 .debug_aranges
                0x0000000000000060       0x20 Core/Src/gpio.o
 .debug_aranges
                0x0000000000000080       0x30 Core/Src/main.o
 .debug_aranges
                0x00000000000000b0       0x50 Core/Src/nixie.o
 .debug_aranges
                0x0000000000000100       0x30 Core/Src/rtc.o
 .debug_aranges
                0x0000000000000130       0x28 Core/Src/stm32g0xx_hal_msp.o
 .debug_aranges
                0x0000000000000158       0x48 Core/Src/stm32g0xx_it.o
 .debug_aranges
                0x00000000000001a0       0x28 Core/Src/system_stm32g0xx.o
 .debug_aranges
                0x00000000000001c8       0x48 Core/Src/tim.o
 .debug_aranges
                0x0000000000000210       0x28 Core/Startup/startup_stm32g071cbux.o
 .debug_aranges
                0x0000000000000238      0x120 Drivers/STM32G0xx_HAL_Driver/Src/stm32g0xx_hal.o
 .debug_aranges
                0x0000000000000358       0xd8 Drivers/STM32G0xx_HAL_Driver/Src/stm32g0xx_hal_comp.o
 .debug_aranges
                0x0000000000000430       0xd8 Drivers/STM32G0xx_HAL_Driver/Src/stm32g0xx_hal_cortex.o
 .debug_aranges
                0x0000000000000508       0xc0 Drivers/STM32G0xx_HAL_Driver/Src/stm32g0xx_hal_dac.o
 .debug_aranges
                0x00000000000005c8       0x60 Drivers/STM32G0xx_HAL_Driver/Src/stm32g0xx_hal_gpio.o
 .debug_aranges
                0x0000000000000628       0xc0 Drivers/STM32G0xx_HAL_Driver/Src/stm32g0xx_hal_pwr_ex.o
 .debug_aranges
                0x00000000000006e8       0x98 Drivers/STM32G0xx_HAL_Driver/Src/stm32g0xx_hal_rcc.o
 .debug_aranges
                0x0000000000000780       0x40 Drivers/STM32G0xx_HAL_Driver/Src/stm32g0xx_hal_rcc_ex.o
 .debug_aranges
                0x00000000000007c0       0xc0 Drivers/STM32G0xx_HAL_Driver/Src/stm32g0xx_hal_rtc.o
 .debug_aranges
                0x0000000000000880      0x3b8 Drivers/STM32G0xx_HAL_Driver/Src/stm32g0xx_hal_tim.o
 .debug_aranges
                0x0000000000000c38      0x180 Drivers/STM32G0xx_HAL_Driver/Src/stm32g0xx_hal_tim_ex.o

.debug_ranges   0x0000000000000000      0xc60
 .debug_ranges  0x0000000000000000       0x20 Core/Src/comp.o
 .debug_ranges  0x0000000000000020       0x20 Core/Src/dac.o
 .debug_ranges  0x0000000000000040       0x10 Core/Src/gpio.o
 .debug_ranges  0x0000000000000050       0x20 Core/Src/main.o
 .debug_ranges  0x0000000000000070       0x40 Core/Src/nixie.o
 .debug_ranges  0x00000000000000b0       0x20 Core/Src/rtc.o
 .debug_ranges  0x00000000000000d0       0x18 Core/Src/stm32g0xx_hal_msp.o
 .debug_ranges  0x00000000000000e8       0x38 Core/Src/stm32g0xx_it.o
 .debug_ranges  0x0000000000000120       0x18 Core/Src/system_stm32g0xx.o
 .debug_ranges  0x0000000000000138       0x38 Core/Src/tim.o
 .debug_ranges  0x0000000000000170       0x20 Core/Startup/startup_stm32g071cbux.o
 .debug_ranges  0x0000000000000190      0x110 Drivers/STM32G0xx_HAL_Driver/Src/stm32g0xx_hal.o
 .debug_ranges  0x00000000000002a0       0xc8 Drivers/STM32G0xx_HAL_Driver/Src/stm32g0xx_hal_comp.o
 .debug_ranges  0x0000000000000368       0xc8 Drivers/STM32G0xx_HAL_Driver/Src/stm32g0xx_hal_cortex.o
 .debug_ranges  0x0000000000000430       0xb0 Drivers/STM32G0xx_HAL_Driver/Src/stm32g0xx_hal_dac.o
 .debug_ranges  0x00000000000004e0       0x50 Drivers/STM32G0xx_HAL_Driver/Src/stm32g0xx_hal_gpio.o
 .debug_ranges  0x0000000000000530       0xb0 Drivers/STM32G0xx_HAL_Driver/Src/stm32g0xx_hal_pwr_ex.o
 .debug_ranges  0x00000000000005e0       0x88 Drivers/STM32G0xx_HAL_Driver/Src/stm32g0xx_hal_rcc.o
 .debug_ranges  0x0000000000000668       0x30 Drivers/STM32G0xx_HAL_Driver/Src/stm32g0xx_hal_rcc_ex.o
 .debug_ranges  0x0000000000000698       0xb0 Drivers/STM32G0xx_HAL_Driver/Src/stm32g0xx_hal_rtc.o
 .debug_ranges  0x0000000000000748      0x3a8 Drivers/STM32G0xx_HAL_Driver/Src/stm32g0xx_hal_tim.o
 .debug_ranges  0x0000000000000af0      0x170 Drivers/STM32G0xx_HAL_Driver/Src/stm32g0xx_hal_tim_ex.o

.debug_macro    0x0000000000000000    0x18d0d
 .debug_macro   0x0000000000000000      0x215 Core/Src/comp.o
 .debug_macro   0x0000000000000215      0xa48 Core/Src/comp.o
 .debug_macro   0x0000000000000c5d      0x115 Core/Src/comp.o
 .debug_macro   0x0000000000000d72       0x2e Core/Src/comp.o
 .debug_macro   0x0000000000000da0       0x28 Core/Src/comp.o
 .debug_macro   0x0000000000000dc8       0x22 Core/Src/comp.o
 .debug_macro   0x0000000000000dea       0x8e Core/Src/comp.o
 .debug_macro   0x0000000000000e78       0x51 Core/Src/comp.o
 .debug_macro   0x0000000000000ec9       0xef Core/Src/comp.o
 .debug_macro   0x0000000000000fb8       0x6a Core/Src/comp.o
 .debug_macro   0x0000000000001022      0x1df Core/Src/comp.o
 .debug_macro   0x0000000000001201       0x1c Core/Src/comp.o
 .debug_macro   0x000000000000121d       0x22 Core/Src/comp.o
 .debug_macro   0x000000000000123f       0xb5 Core/Src/comp.o
 .debug_macro   0x00000000000012f4      0x4da Core/Src/comp.o
 .debug_macro   0x00000000000017ce      0x11f Core/Src/comp.o
 .debug_macro   0x00000000000018ed     0xc54d Core/Src/comp.o
 .debug_macro   0x000000000000de3a       0x3c Core/Src/comp.o
 .debug_macro   0x000000000000de76     0x3468 Core/Src/comp.o
 .debug_macro   0x00000000000112de      0x174 Core/Src/comp.o
 .debug_macro   0x0000000000011452       0x5a Core/Src/comp.o
 .debug_macro   0x00000000000114ac      0x56c Core/Src/comp.o
 .debug_macro   0x0000000000011a18     0x1099 Core/Src/comp.o
 .debug_macro   0x0000000000012ab1      0x257 Core/Src/comp.o
 .debug_macro   0x0000000000012d08      0x153 Core/Src/comp.o
 .debug_macro   0x0000000000012e5b      0x1a5 Core/Src/comp.o
 .debug_macro   0x0000000000013000      0x398 Core/Src/comp.o
 .debug_macro   0x0000000000013398      0x1a5 Core/Src/comp.o
 .debug_macro   0x000000000001353d       0x43 Core/Src/comp.o
 .debug_macro   0x0000000000013580      0x1f1 Core/Src/comp.o
 .debug_macro   0x0000000000013771      0x19b Core/Src/comp.o
 .debug_macro   0x000000000001390c      0x2b8 Core/Src/comp.o
 .debug_macro   0x0000000000013bc4      0x161 Core/Src/comp.o
 .debug_macro   0x0000000000013d25       0xd0 Core/Src/comp.o
 .debug_macro   0x0000000000013df5      0x1c4 Core/Src/comp.o
 .debug_macro   0x0000000000013fb9      0x36e Core/Src/comp.o
 .debug_macro   0x0000000000014327       0x28 Core/Src/comp.o
 .debug_macro   0x000000000001434f       0xc1 Core/Src/comp.o
 .debug_macro   0x0000000000014410      0x26f Core/Src/comp.o
 .debug_macro   0x000000000001467f       0xd2 Core/Src/comp.o
 .debug_macro   0x0000000000014751      0x321 Core/Src/comp.o
 .debug_macro   0x0000000000014a72      0x433 Core/Src/comp.o
 .debug_macro   0x0000000000014ea5       0xeb Core/Src/comp.o
 .debug_macro   0x0000000000014f90      0xa3d Core/Src/comp.o
 .debug_macro   0x00000000000159cd      0x189 Core/Src/comp.o
 .debug_macro   0x0000000000015b56      0x503 Core/Src/comp.o
 .debug_macro   0x0000000000016059      0x141 Core/Src/comp.o
 .debug_macro   0x000000000001619a       0xf4 Core/Src/comp.o
 .debug_macro   0x000000000001628e      0x215 Core/Src/dac.o
 .debug_macro   0x00000000000164a3      0x215 Core/Src/gpio.o
 .debug_macro   0x00000000000166b8      0x24a Core/Src/main.o
 .debug_macro   0x0000000000016902       0x10 Core/Src/main.o
 .debug_macro   0x0000000000016912      0x23c Core/Src/nixie.o
 .debug_macro   0x0000000000016b4e       0x22 Core/Src/nixie.o
 .debug_macro   0x0000000000016b70       0xfa Core/Src/nixie.o
 .debug_macro   0x0000000000016c6a      0x215 Core/Src/rtc.o
 .debug_macro   0x0000000000016e7f      0x20b Core/Src/stm32g0xx_hal_msp.o
 .debug_macro   0x000000000001708a      0x215 Core/Src/stm32g0xx_it.o
 .debug_macro   0x000000000001729f      0x1f9 Core/Src/system_stm32g0xx.o
 .debug_macro   0x0000000000017498      0x215 Core/Src/tim.o
 .debug_macro   0x00000000000176ad      0x217 Drivers/STM32G0xx_HAL_Driver/Src/stm32g0xx_hal.o
 .debug_macro   0x00000000000178c4      0x209 Drivers/STM32G0xx_HAL_Driver/Src/stm32g0xx_hal_comp.o
 .debug_macro   0x0000000000017acd      0x1f3 Drivers/STM32G0xx_HAL_Driver/Src/stm32g0xx_hal_cortex.o
 .debug_macro   0x0000000000017cc0      0x1fb Drivers/STM32G0xx_HAL_Driver/Src/stm32g0xx_hal_dac.o
 .debug_macro   0x0000000000017ebb      0x22b Drivers/STM32G0xx_HAL_Driver/Src/stm32g0xx_hal_gpio.o
 .debug_macro   0x00000000000180e6      0x205 Drivers/STM32G0xx_HAL_Driver/Src/stm32g0xx_hal_pwr_ex.o
 .debug_macro   0x00000000000182eb      0x22f Drivers/STM32G0xx_HAL_Driver/Src/stm32g0xx_hal_rcc.o
 .debug_macro   0x000000000001851a      0x20b Drivers/STM32G0xx_HAL_Driver/Src/stm32g0xx_hal_rcc_ex.o
 .debug_macro   0x0000000000018725      0x1f4 Drivers/STM32G0xx_HAL_Driver/Src/stm32g0xx_hal_rtc.o
 .debug_macro   0x0000000000018919      0x1fb Drivers/STM32G0xx_HAL_Driver/Src/stm32g0xx_hal_tim.o
 .debug_macro   0x0000000000018b14      0x1f9 Drivers/STM32G0xx_HAL_Driver/Src/stm32g0xx_hal_tim_ex.o

.debug_line     0x0000000000000000     0xce22
 .debug_line    0x0000000000000000      0x77e Core/Src/comp.o
 .debug_line    0x000000000000077e      0x774 Core/Src/dac.o
 .debug_line    0x0000000000000ef2      0x76a Core/Src/gpio.o
 .debug_line    0x000000000000165c      0x7c7 Core/Src/main.o
 .debug_line    0x0000000000001e23      0x820 Core/Src/nixie.o
 .debug_line    0x0000000000002643      0x789 Core/Src/rtc.o
 .debug_line    0x0000000000002dcc      0x764 Core/Src/stm32g0xx_hal_msp.o
 .debug_line    0x0000000000003530      0x7b2 Core/Src/stm32g0xx_it.o
 .debug_line    0x0000000000003ce2      0x74f Core/Src/system_stm32g0xx.o
 .debug_line    0x0000000000004431      0x821 Core/Src/tim.o
 .debug_line    0x0000000000004c52       0x89 Core/Startup/startup_stm32g071cbux.o
 .debug_line    0x0000000000004cdb      0x9aa Drivers/STM32G0xx_HAL_Driver/Src/stm32g0xx_hal.o
 .debug_line    0x0000000000005685      0x9e1 Drivers/STM32G0xx_HAL_Driver/Src/stm32g0xx_hal_comp.o
 .debug_line    0x0000000000006066      0x97a Drivers/STM32G0xx_HAL_Driver/Src/stm32g0xx_hal_cortex.o
 .debug_line    0x00000000000069e0      0x98c Drivers/STM32G0xx_HAL_Driver/Src/stm32g0xx_hal_dac.o
 .debug_line    0x000000000000736c      0x8c2 Drivers/STM32G0xx_HAL_Driver/Src/stm32g0xx_hal_gpio.o
 .debug_line    0x0000000000007c2e      0x907 Drivers/STM32G0xx_HAL_Driver/Src/stm32g0xx_hal_pwr_ex.o
 .debug_line    0x0000000000008535      0xa23 Drivers/STM32G0xx_HAL_Driver/Src/stm32g0xx_hal_rcc.o
 .debug_line    0x0000000000008f58      0x9b3 Drivers/STM32G0xx_HAL_Driver/Src/stm32g0xx_hal_rcc_ex.o
 .debug_line    0x000000000000990b      0xae2 Drivers/STM32G0xx_HAL_Driver/Src/stm32g0xx_hal_rtc.o
 .debug_line    0x000000000000a3ed     0x1ba7 Drivers/STM32G0xx_HAL_Driver/Src/stm32g0xx_hal_tim.o
 .debug_line    0x000000000000bf94      0xe8e Drivers/STM32G0xx_HAL_Driver/Src/stm32g0xx_hal_tim_ex.o

.debug_str      0x0000000000000000    0x9ba2d
 .debug_str     0x0000000000000000    0x97c92 Core/Src/comp.o
                                      0x9825f (size before relaxing)
 .debug_str     0x0000000000097c92      0x4ac Core/Src/dac.o
                                      0x9851e (size before relaxing)
 .debug_str     0x000000000009813e       0x46 Core/Src/gpio.o
                                      0x980d7 (size before relaxing)
 .debug_str     0x0000000000098184      0x5e2 Core/Src/main.o
                                      0x98b6e (size before relaxing)
 .debug_str     0x0000000000098766      0x11a Core/Src/nixie.o
                                      0x98826 (size before relaxing)
 .debug_str     0x0000000000098880       0xd2 Core/Src/rtc.o
                                      0x982bb (size before relaxing)
 .debug_str     0x0000000000098952       0x7b Core/Src/stm32g0xx_hal_msp.o
                                      0x9808b (size before relaxing)
 .debug_str     0x00000000000989cd       0x87 Core/Src/stm32g0xx_it.o
                                      0x98480 (size before relaxing)
 .debug_str     0x0000000000098a54       0x97 Core/Src/system_stm32g0xx.o
                                      0x97431 (size before relaxing)
 .debug_str     0x0000000000098aeb      0x463 Core/Src/tim.o
                                      0x98a09 (size before relaxing)
 .debug_str     0x0000000000098f4e       0x36 Core/Startup/startup_stm32g071cbux.o
                                         0x6b (size before relaxing)
 .debug_str     0x0000000000098f84      0x49d Drivers/STM32G0xx_HAL_Driver/Src/stm32g0xx_hal.o
                                      0x97b4d (size before relaxing)
 .debug_str     0x0000000000099421      0x3b7 Drivers/STM32G0xx_HAL_Driver/Src/stm32g0xx_hal_comp.o
                                      0x9785c (size before relaxing)
 .debug_str     0x00000000000997d8      0x290 Drivers/STM32G0xx_HAL_Driver/Src/stm32g0xx_hal_cortex.o
                                      0x978ca (size before relaxing)
 .debug_str     0x0000000000099a68      0x1e3 Drivers/STM32G0xx_HAL_Driver/Src/stm32g0xx_hal_dac.o
                                      0x979de (size before relaxing)
 .debug_str     0x0000000000099c4b      0x200 Drivers/STM32G0xx_HAL_Driver/Src/stm32g0xx_hal_gpio.o
                                      0x97627 (size before relaxing)
 .debug_str     0x0000000000099e4b      0x2d1 Drivers/STM32G0xx_HAL_Driver/Src/stm32g0xx_hal_pwr_ex.o
                                      0x97722 (size before relaxing)
 .debug_str     0x000000000009a11c      0x360 Drivers/STM32G0xx_HAL_Driver/Src/stm32g0xx_hal_rcc.o
                                      0x979d3 (size before relaxing)
 .debug_str     0x000000000009a47c      0x16c Drivers/STM32G0xx_HAL_Driver/Src/stm32g0xx_hal_rcc_ex.o
                                      0x97773 (size before relaxing)
 .debug_str     0x000000000009a5e8      0x22f Drivers/STM32G0xx_HAL_Driver/Src/stm32g0xx_hal_rtc.o
                                      0x97849 (size before relaxing)
 .debug_str     0x000000000009a817      0xcca Drivers/STM32G0xx_HAL_Driver/Src/stm32g0xx_hal_tim.o
                                      0x9866e (size before relaxing)
 .debug_str     0x000000000009b4e1      0x54c Drivers/STM32G0xx_HAL_Driver/Src/stm32g0xx_hal_tim_ex.o
                                      0x98004 (size before relaxing)

.comment        0x0000000000000000       0x7b
 .comment       0x0000000000000000       0x7b Core/Src/comp.o
                                         0x7c (size before relaxing)
 .comment       0x000000000000007b       0x7c Core/Src/dac.o
 .comment       0x000000000000007b       0x7c Core/Src/gpio.o
 .comment       0x000000000000007b       0x7c Core/Src/main.o
 .comment       0x000000000000007b       0x7c Core/Src/nixie.o
 .comment       0x000000000000007b       0x7c Core/Src/rtc.o
 .comment       0x000000000000007b       0x7c Core/Src/stm32g0xx_hal_msp.o
 .comment       0x000000000000007b       0x7c Core/Src/stm32g0xx_it.o
 .comment       0x000000000000007b       0x7c Core/Src/system_stm32g0xx.o
 .comment       0x000000000000007b       0x7c Core/Src/tim.o
 .comment       0x000000000000007b       0x7c Drivers/STM32G0xx_HAL_Driver/Src/stm32g0xx_hal.o
 .comment       0x000000000000007b       0x7c Drivers/STM32G0xx_HAL_Driver/Src/stm32g0xx_hal_comp.o
 .comment       0x000000000000007b       0x7c Drivers/STM32G0xx_HAL_Driver/Src/stm32g0xx_hal_cortex.o
 .comment       0x000000000000007b       0x7c Drivers/STM32G0xx_HAL_Driver/Src/stm32g0xx_hal_dac.o
 .comment       0x000000000000007b       0x7c Drivers/STM32G0xx_HAL_Driver/Src/stm32g0xx_hal_gpio.o
 .comment       0x000000000000007b       0x7c Drivers/STM32G0xx_HAL_Driver/Src/stm32g0xx_hal_pwr_ex.o
 .comment       0x000000000000007b       0x7c Drivers/STM32G0xx_HAL_Driver/Src/stm32g0xx_hal_rcc.o
 .comment       0x000000000000007b       0x7c Drivers/STM32G0xx_HAL_Driver/Src/stm32g0xx_hal_rcc_ex.o
 .comment       0x000000000000007b       0x7c Drivers/STM32G0xx_HAL_Driver/Src/stm32g0xx_hal_rtc.o
 .comment       0x000000000000007b       0x7c Drivers/STM32G0xx_HAL_Driver/Src/stm32g0xx_hal_tim.o
 .comment       0x000000000000007b       0x7c Drivers/STM32G0xx_HAL_Driver/Src/stm32g0xx_hal_tim_ex.o

.debug_frame    0x0000000000000000     0x2f3c
 .debug_frame   0x0000000000000000       0x6c Core/Src/comp.o
 .debug_frame   0x000000000000006c       0x70 Core/Src/dac.o
 .debug_frame   0x00000000000000dc       0x30 Core/Src/gpio.o
 .debug_frame   0x000000000000010c       0x68 Core/Src/main.o
 .debug_frame   0x0000000000000174       0xe0 Core/Src/nixie.o
 .debug_frame   0x0000000000000254       0x70 Core/Src/rtc.o
 .debug_frame   0x00000000000002c4       0x50 Core/Src/stm32g0xx_hal_msp.o
 .debug_frame   0x0000000000000314       0xb8 Core/Src/stm32g0xx_it.o
 .debug_frame   0x00000000000003cc       0x4c Core/Src/system_stm32g0xx.o
 .debug_frame   0x0000000000000418       0xcc Core/Src/tim.o
 .debug_frame   0x00000000000004e4      0x3dc Drivers/STM32G0xx_HAL_Driver/Src/stm32g0xx_hal.o
 .debug_frame   0x00000000000008c0      0x310 Drivers/STM32G0xx_HAL_Driver/Src/stm32g0xx_hal_comp.o
 .debug_frame   0x0000000000000bd0      0x2fc Drivers/STM32G0xx_HAL_Driver/Src/stm32g0xx_hal_cortex.o
 .debug_frame   0x0000000000000ecc      0x2b0 Drivers/STM32G0xx_HAL_Driver/Src/stm32g0xx_hal_dac.o
 .debug_frame   0x000000000000117c      0x130 Drivers/STM32G0xx_HAL_Driver/Src/stm32g0xx_hal_gpio.o
 .debug_frame   0x00000000000012ac      0x280 Drivers/STM32G0xx_HAL_Driver/Src/stm32g0xx_hal_pwr_ex.o
 .debug_frame   0x000000000000152c      0x1f4 Drivers/STM32G0xx_HAL_Driver/Src/stm32g0xx_hal_rcc.o
 .debug_frame   0x0000000000001720       0xb0 Drivers/STM32G0xx_HAL_Driver/Src/stm32g0xx_hal_rcc_ex.o
 .debug_frame   0x00000000000017d0      0x2c0 Drivers/STM32G0xx_HAL_Driver/Src/stm32g0xx_hal_rtc.o
 .debug_frame   0x0000000000001a90      0xe90 Drivers/STM32G0xx_HAL_Driver/Src/stm32g0xx_hal_tim.o
 .debug_frame   0x0000000000002920      0x5b0 Drivers/STM32G0xx_HAL_Driver/Src/stm32g0xx_hal_tim_ex.o
 .debug_frame   0x0000000000002ed0       0x2c c:/st/stm32cubeide_1.0.2/stm32cubeide/plugins/com.st.stm32cube.ide.mcu.externaltools.gnu-tools-for-stm32.7-2018-q2-update.win32_1.0.0.201904181610/tools/bin/../lib/gcc/arm-none-eabi/7.3.1/../../../../arm-none-eabi/lib/thumb/v6-m\libc_nano.a(lib_a-init.o)
 .debug_frame   0x0000000000002efc       0x20 c:/st/stm32cubeide_1.0.2/stm32cubeide/plugins/com.st.stm32cube.ide.mcu.externaltools.gnu-tools-for-stm32.7-2018-q2-update.win32_1.0.0.201904181610/tools/bin/../lib/gcc/arm-none-eabi/7.3.1/../../../../arm-none-eabi/lib/thumb/v6-m\libc_nano.a(lib_a-memset.o)
 .debug_frame   0x0000000000002f1c       0x20 c:/st/stm32cubeide_1.0.2/stm32cubeide/plugins/com.st.stm32cube.ide.mcu.externaltools.gnu-tools-for-stm32.7-2018-q2-update.win32_1.0.0.201904181610/tools/bin/../lib/gcc/arm-none-eabi/7.3.1/thumb/v6-m\libgcc.a(_udivsi3.o)
