stm32g0xx_ll_exti.h:324:22:LL_EXTI_EnableIT_0_31	16	static
stm32g0xx_ll_exti.h:341:22:LL_EXTI_EnableIT_32_63	16	static
stm32g0xx_ll_exti.h:386:22:LL_EXTI_DisableIT_0_31	16	static
stm32g0xx_ll_exti.h:404:22:LL_EXTI_DisableIT_32_63	16	static
stm32g0xx_ll_exti.h:518:22:LL_EXTI_EnableEvent_0_31	16	static
stm32g0xx_ll_exti.h:534:22:LL_EXTI_EnableEvent_32_63	16	static
stm32g0xx_ll_exti.h:576:22:LL_EXTI_DisableEvent_0_31	16	static
stm32g0xx_ll_exti.h:591:22:LL_EXTI_DisableEvent_32_63	16	static
stm32g0xx_ll_exti.h:695:22:LL_EXTI_EnableRisingTrig_0_31	16	static
stm32g0xx_ll_exti.h:734:22:LL_EXTI_DisableRisingTrig_0_31	16	static
stm32g0xx_ll_exti.h:812:22:LL_EXTI_EnableFallingTrig_0_31	16	static
stm32g0xx_ll_exti.h:849:22:LL_EXTI_DisableFallingTrig_0_31	16	static
stm32g0xx_ll_exti.c:81:10:LL_EXTI_DeInit	8	static
stm32g0xx_ll_exti.c:114:10:LL_EXTI_Init	24	static
stm32g0xx_ll_exti.c:234:6:LL_EXTI_StructInit	16	static
