stm32g0xx_ll_rcc.h:1013:26:LL_RCC_HSE_IsReady	8	static
stm32g0xx_ll_rcc.h:1062:22:LL_RCC_HSI_Enable	8	static
stm32g0xx_ll_rcc.h:1082:26:LL_RCC_HSI_IsReady	8	static
stm32g0xx_ll_rcc.h:1108:22:LL_RCC_HSI_SetCalibTrimming	16	static
stm32g0xx_ll_rcc.h:1228:26:LL_RCC_LSE_IsReady	8	static
stm32g0xx_ll_rcc.h:1276:26:LL_RCC_LSI_IsReady	8	static
stm32g0xx_ll_rcc.h:1368:26:LL_RCC_GetSysClkSource	8	static
stm32g0xx_ll_rcc.h:1443:26:LL_RCC_GetAHBPrescaler	8	static
stm32g0xx_ll_rcc.h:1458:26:LL_RCC_GetAPB1Prescaler	8	static
stm32g0xx_ll_rcc.h:1707:26:LL_RCC_GetUSARTClockSource	16	static
stm32g0xx_ll_rcc.h:1724:26:LL_RCC_GetLPUARTClockSource	16	static
stm32g0xx_ll_rcc.h:1740:26:LL_RCC_GetI2CClockSource	16	static
stm32g0xx_ll_rcc.h:1760:26:LL_RCC_GetTIMClockSource	16	static
stm32g0xx_ll_rcc.h:1783:26:LL_RCC_GetLPTIMClockSource	16	static
stm32g0xx_ll_rcc.h:1799:26:LL_RCC_GetCECClockSource	16	static
stm32g0xx_ll_rcc.h:1849:26:LL_RCC_GetADCClockSource	16	static
stm32g0xx_ll_rcc.h:1865:26:LL_RCC_GetI2SClockSource	16	static
stm32g0xx_ll_rcc.h:1904:26:LL_RCC_GetRTCClockSource	8	static
stm32g0xx_ll_rcc.h:1994:26:LL_RCC_PLL_IsReady	8	static
stm32g0xx_ll_rcc.h:2301:26:LL_RCC_PLL_GetN	8	static
stm32g0xx_ll_rcc.h:2343:26:LL_RCC_PLL_GetP	8	static
stm32g0xx_ll_rcc.h:2362:26:LL_RCC_PLL_GetQ	8	static
stm32g0xx_ll_rcc.h:2381:26:LL_RCC_PLL_GetR	8	static
stm32g0xx_ll_rcc.h:2407:26:LL_RCC_PLL_GetMainSource	8	static
stm32g0xx_ll_rcc.h:2425:26:LL_RCC_PLL_GetDivider	8	static
stm32g0xx_ll_rcc.c:131:13:LL_RCC_DeInit	8	static
stm32g0xx_ll_rcc.c:199:6:LL_RCC_GetSystemClocksFreq	16	static
stm32g0xx_ll_rcc.c:219:10:LL_RCC_GetUSARTClockFreq	24	static
stm32g0xx_ll_rcc.c:299:10:LL_RCC_GetI2CClockFreq	24	static
stm32g0xx_ll_rcc.c:342:10:LL_RCC_GetI2SClockFreq	24	static
stm32g0xx_ll_rcc.c:388:10:LL_RCC_GetLPUARTClockFreq	24	static
stm32g0xx_ll_rcc.c:435:10:LL_RCC_GetLPTIMClockFreq	24	static
stm32g0xx_ll_rcc.c:522:10:LL_RCC_GetTIMClockFreq	24	static
stm32g0xx_ll_rcc.c:634:10:LL_RCC_GetCECClockFreq	24	static
stm32g0xx_ll_rcc.c:672:10:LL_RCC_GetADCClockFreq	24	static
stm32g0xx_ll_rcc.c:709:10:LL_RCC_GetRTCClockFreq	16	static
stm32g0xx_ll_rcc.c:759:10:RCC_GetSystemClockFreq	16	static
stm32g0xx_ll_rcc.c:790:10:RCC_GetHCLKClockFreq	16	static
stm32g0xx_ll_rcc.c:801:10:RCC_GetPCLK1ClockFreq	16	static
stm32g0xx_ll_rcc.c:810:10:RCC_PLL_GetFreqDomain_SYS	24	static
stm32g0xx_ll_rcc.c:840:10:RCC_PLL_GetFreqDomain_ADC	24	static
stm32g0xx_ll_rcc.c:868:10:RCC_PLL_GetFreqDomain_I2S1	24	static
stm32g0xx_ll_rcc.c:928:10:RCC_PLL_GetFreqDomain_TIM1	24	static
stm32g0xx_ll_rcc.c:959:10:RCC_PLL_GetFreqDomain_TIM15	24	static
