stm32g0xx_ll_rcc.h:973:22:LL_RCC_HSE_EnableBypass	8	static
stm32g0xx_ll_rcc.h:983:22:LL_RCC_HSE_DisableBypass	8	static
stm32g0xx_ll_rcc.h:993:22:LL_RCC_HSE_Enable	8	static
stm32g0xx_ll_rcc.h:1013:26:LL_RCC_HSE_IsReady	8	static
stm32g0xx_ll_rcc.h:1062:22:LL_RCC_HSI_Enable	8	static
stm32g0xx_ll_rcc.h:1082:26:LL_RCC_HSI_IsReady	8	static
stm32g0xx_ll_rcc.h:1353:22:LL_RCC_SetSysClkSource	16	static
stm32g0xx_ll_rcc.h:1368:26:LL_RCC_GetSysClkSource	8	static
stm32g0xx_ll_rcc.h:1388:22:LL_RCC_SetAHBPrescaler	16	static
stm32g0xx_ll_rcc.h:1404:22:LL_RCC_SetAPB1Prescaler	16	static
stm32g0xx_ll_rcc.h:1973:22:LL_RCC_PLL_Enable	8	static
stm32g0xx_ll_rcc.h:1994:26:LL_RCC_PLL_IsReady	8	static
stm32g0xx_ll_rcc.h:2031:22:LL_RCC_PLL_ConfigDomain_SYS	24	static
stm32g0xx_ll_rcc.h:2576:22:LL_RCC_PLL_EnableDomain_SYS	8	static
stm32g0xx_ll_utils.h:250:22:LL_InitTick	16	static
stm32g0xx_ll_system.h:1730:22:LL_FLASH_SetLatency	16	static
stm32g0xx_ll_system.h:1743:26:LL_FLASH_GetLatency	8	static
stm32g0xx_ll_utils.c:155:6:LL_Init1msTick	16	static
stm32g0xx_ll_utils.c:171:6:LL_mDelay	24	static
stm32g0xx_ll_utils.c:237:6:LL_SetSystemCoreClock	16	static
stm32g0xx_ll_utils.c:259:13:LL_PLL_ConfigSystemClock_HSI	32	static
stm32g0xx_ll_utils.c:317:13:LL_PLL_ConfigSystemClock_HSE	40	static
stm32g0xx_ll_utils.c:389:20:UTILS_SetFlashLatency	24	static
stm32g0xx_ll_utils.c:436:17:UTILS_GetPLLOutputFrequency	24	static
stm32g0xx_ll_utils.c:467:20:UTILS_PLL_IsBusy	16	static
stm32g0xx_ll_utils.c:490:20:UTILS_EnablePLLAndSwitchSystem	32	static
