stm32g0xx_hal_rtc.c:244:19:HAL_RTC_Init	32	static
stm32g0xx_hal_rtc.c:345:19:HAL_RTC_DeInit	32	static
stm32g0xx_hal_rtc.c:676:13:HAL_RTC_MspInit	16	static
stm32g0xx_hal_rtc.c:691:13:HAL_RTC_MspDeInit	16	static
stm32g0xx_hal_rtc.c:729:19:HAL_RTC_SetTime	40	static
stm32g0xx_hal_rtc.c:839:19:HAL_RTC_GetTime	32	static
stm32g0xx_hal_rtc.c:883:19:HAL_RTC_SetDate	40	static
stm32g0xx_hal_rtc.c:967:19:HAL_RTC_GetDate	32	static
stm32g0xx_hal_rtc.c:1021:19:HAL_RTC_SetAlarm	48	static
stm32g0xx_hal_rtc.c:1203:19:HAL_RTC_SetAlarm_IT	48	static
stm32g0xx_hal_rtc.c:1384:19:HAL_RTC_DeactivateAlarm	24	static
stm32g0xx_hal_rtc.c:1478:19:HAL_RTC_GetAlarm	32	static
stm32g0xx_hal_rtc.c:1539:6:HAL_RTC_AlarmIRQHandler	16	static
stm32g0xx_hal_rtc.c:1588:13:HAL_RTC_AlarmAEventCallback	16	static
stm32g0xx_hal_rtc.c:1604:19:HAL_RTC_PollForAlarmAEvent	24	static
stm32g0xx_hal_rtc.c:1663:19:HAL_RTC_WaitForSynchro	24	static
stm32g0xx_hal_rtc.c:1707:21:HAL_RTC_GetState	16	static
stm32g0xx_hal_rtc.c:1730:19:RTC_EnterInitMode	24	static
stm32g0xx_hal_rtc.c:1761:19:RTC_ExitInitMode	24	static
stm32g0xx_hal_rtc.c:1798:9:RTC_ByteToBcd2	24	static
stm32g0xx_hal_rtc.c:1817:9:RTC_Bcd2ToByte	24	static
