stm32g0xx_hal_rtc_ex.c:169:19:HAL_RTCEx_SetTimeStamp	32	static
stm32g0xx_hal_rtc_ex.c:225:19:HAL_RTCEx_SetTimeStamp_IT	32	static
stm32g0xx_hal_rtc_ex.c:273:19:HAL_RTCEx_DeactivateTimeStamp	24	static
stm32g0xx_hal_rtc_ex.c:311:19:HAL_RTCEx_SetInternalTimeStamp	16	static
stm32g0xx_hal_rtc_ex.c:341:19:HAL_RTCEx_DeactivateInternalTimeStamp	16	static
stm32g0xx_hal_rtc_ex.c:376:19:HAL_RTCEx_GetTimeStamp	32	static
stm32g0xx_hal_rtc_ex.c:426:13:HAL_RTCEx_TimeStampEventCallback	16	static
stm32g0xx_hal_rtc_ex.c:442:6:HAL_RTCEx_TimeStampIRQHandler	16	static
stm32g0xx_hal_rtc_ex.c:474:19:HAL_RTCEx_PollForTimeStampEvent	24	static
stm32g0xx_hal_rtc_ex.c:532:19:HAL_RTCEx_SetWakeUpTimer	32	static
stm32g0xx_hal_rtc_ex.c:604:19:HAL_RTCEx_SetWakeUpTimer_IT	32	static
stm32g0xx_hal_rtc_ex.c:683:19:HAL_RTCEx_DeactivateWakeUpTimer	24	static
stm32g0xx_hal_rtc_ex.c:735:10:HAL_RTCEx_GetWakeUpTimer	16	static
stm32g0xx_hal_rtc_ex.c:746:6:HAL_RTCEx_WakeUpTimerIRQHandler	16	static
stm32g0xx_hal_rtc_ex.c:772:13:HAL_RTCEx_WakeUpTimerEventCallback	16	static
stm32g0xx_hal_rtc_ex.c:789:19:HAL_RTCEx_PollForWakeUpTimerEvent	24	static
stm32g0xx_hal_rtc_ex.c:866:19:HAL_RTCEx_SetSmoothCalib	32	static
stm32g0xx_hal_rtc_ex.c:934:19:HAL_RTCEx_SetSynchroShift	32	static
stm32g0xx_hal_rtc_ex.c:1027:19:HAL_RTCEx_SetCalibrationOutPut	16	static
stm32g0xx_hal_rtc_ex.c:1065:19:HAL_RTCEx_DeactivateCalibrationOutPut	16	static
stm32g0xx_hal_rtc_ex.c:1094:19:HAL_RTCEx_SetRefClock	32	static
stm32g0xx_hal_rtc_ex.c:1136:19:HAL_RTCEx_DeactivateRefClock	32	static
stm32g0xx_hal_rtc_ex.c:1180:19:HAL_RTCEx_EnableBypassShadow	16	static
stm32g0xx_hal_rtc_ex.c:1212:19:HAL_RTCEx_DisableBypassShadow	16	static
stm32g0xx_hal_rtc_ex.c:1261:13:HAL_RTCEx_AlarmBEventCallback	16	static
stm32g0xx_hal_rtc_ex.c:1277:19:HAL_RTCEx_PollForAlarmBEvent	24	static
stm32g0xx_hal_rtc_ex.c:1340:19:HAL_RTCEx_SetTamper	24	static
stm32g0xx_hal_rtc_ex.c:1403:19:HAL_RTCEx_SetTamper_IT	24	static
stm32g0xx_hal_rtc_ex.c:1476:19:HAL_RTCEx_DeactivateTamper	24	static
stm32g0xx_hal_rtc_ex.c:1506:19:HAL_RTCEx_PollForTamperEvent	32	static
stm32g0xx_hal_rtc_ex.c:1540:19:HAL_RTCEx_SetInternalTamper	24	static
stm32g0xx_hal_rtc_ex.c:1573:19:HAL_RTCEx_SetInternalTamper_IT	24	static
stm32g0xx_hal_rtc_ex.c:1612:19:HAL_RTCEx_DeactivateInternalTamper	24	static
stm32g0xx_hal_rtc_ex.c:1637:19:HAL_RTCEx_PollForInternalTamperEvent	32	static
stm32g0xx_hal_rtc_ex.c:1670:6:HAL_RTCEx_TamperIRQHandler	24	static
stm32g0xx_hal_rtc_ex.c:1763:13:HAL_RTCEx_Tamper1EventCallback	16	static
stm32g0xx_hal_rtc_ex.c:1779:13:HAL_RTCEx_Tamper2EventCallback	16	static
stm32g0xx_hal_rtc_ex.c:1797:13:HAL_RTCEx_InternalTamper3EventCallback	16	static
stm32g0xx_hal_rtc_ex.c:1813:13:HAL_RTCEx_InternalTamper4EventCallback	16	static
stm32g0xx_hal_rtc_ex.c:1829:13:HAL_RTCEx_InternalTamper5EventCallback	16	static
stm32g0xx_hal_rtc_ex.c:1845:13:HAL_RTCEx_InternalTamper6EventCallback	16	static
stm32g0xx_hal_rtc_ex.c:1891:6:HAL_RTCEx_BKUPWrite	32	static
stm32g0xx_hal_rtc_ex.c:1916:10:HAL_RTCEx_BKUPRead	24	static
