stm32g0xx_hal_dac.c:351:19:HAL_DAC_Init	16	static
stm32g0xx_hal_dac.c:412:19:HAL_DAC_DeInit	16	static
stm32g0xx_hal_dac.c:457:13:HAL_DAC_MspInit	16	static
stm32g0xx_hal_dac.c:473:13:HAL_DAC_MspDeInit	16	static
stm32g0xx_hal_dac.c:515:19:HAL_DAC_Start	16	static
stm32g0xx_hal_dac.c:568:19:HAL_DAC_Stop	16	static
stm32g0xx_hal_dac.c:600:19:HAL_DAC_Start_DMA	40	static
stm32g0xx_hal_dac.c:728:19:HAL_DAC_Stop_DMA	32	static
stm32g0xx_hal_dac.c:785:6:HAL_DAC_IRQHandler	16	static
stm32g0xx_hal_dac.c:856:19:HAL_DAC_SetValue	32	static
stm32g0xx_hal_dac.c:888:13:HAL_DAC_ConvCpltCallbackCh1	16	static
stm32g0xx_hal_dac.c:904:13:HAL_DAC_ConvHalfCpltCallbackCh1	16	static
stm32g0xx_hal_dac.c:920:13:HAL_DAC_ErrorCallbackCh1	16	static
stm32g0xx_hal_dac.c:936:13:HAL_DAC_DMAUnderrunCallbackCh1	16	static
stm32g0xx_hal_dac.c:975:10:HAL_DAC_GetValue	16	static
stm32g0xx_hal_dac.c:1002:19:HAL_DAC_ConfigChannel	40	static
stm32g0xx_hal_dac.c:1168:22:HAL_DAC_GetState	16	static
stm32g0xx_hal_dac.c:1181:10:HAL_DAC_GetError	16	static
stm32g0xx_hal_dac.c:1441:6:DAC_DMAConvCpltCh1	24	static
stm32g0xx_hal_dac.c:1460:6:DAC_DMAHalfConvCpltCh1	24	static
stm32g0xx_hal_dac.c:1477:6:DAC_DMAErrorCh1	24	static
